2025-05-13 00:20:27,457 - AnimePilgrimageUpdater - INFO - Starting daily anime pilgrimage updater
2025-05-13 00:20:27,458 - AnimePilgrimageUpdater - INFO - Running extract_apiid.py to refresh apiid.json
2025-05-13 00:20:27,661 - AnimePilgrimageUpdater - INFO - Successfully refreshed apiid.json
2025-05-13 00:20:29,122 - AnimePilgrimageUpdater - INFO - Testing anime list retrieval before running full scraper
2025-05-13 00:23:08,914 - AnimePilgrimageUpdater - INFO - Successfully retrieved 89 anime in test run
2025-05-13 00:23:08,914 - AnimePilgrimageUpdater - INFO - Test anime 1: ゆるゆり♪♪
2025-05-13 00:23:08,914 - AnimePilgrimageUpdater - INFO - Test anime 2: ゆるゆり
2025-05-13 00:23:08,914 - AnimePilgrimageUpdater - INFO - Test anime 3: 青春ブタ野郎はランドセルガールの夢を見ない
2025-05-13 00:23:08,914 - AnimePilgrimageUpdater - INFO - Test anime 4: 真･侍伝 YAIBA
2025-05-13 00:23:08,914 - AnimePilgrimageUpdater - INFO - Test anime 5: 小市民シリーズ 2期
2025-05-13 00:46:41,286 - AnimePilgrimageUpdater - INFO - Daily update completed successfully with detailed data
2025-05-14 12:43:14,674 - AnimePilgrimageUpdater - INFO - Starting daily anime pilgrimage updater
2025-05-14 12:43:14,674 - AnimePilgrimageUpdater - INFO - Running extract_apiid.py to refresh apiid.json
2025-05-14 12:43:14,894 - AnimePilgrimageUpdater - INFO - Successfully refreshed apiid.json
2025-05-14 12:43:15,768 - AnimePilgrimageUpdater - INFO - Testing anime list retrieval before running full scraper
2025-05-14 12:45:55,975 - AnimePilgrimageUpdater - INFO - Successfully retrieved 90 anime in test run
2025-05-14 12:45:55,975 - AnimePilgrimageUpdater - INFO - Test anime 1: 前橋ウィッチーズ
2025-05-14 12:45:55,975 - AnimePilgrimageUpdater - INFO - Test anime 2: ゆるゆり なちゅやちゅみ！＋
2025-05-14 12:45:55,975 - AnimePilgrimageUpdater - INFO - Test anime 3: ゆるゆり なちゅやちゅみ！
2025-05-14 12:45:55,975 - AnimePilgrimageUpdater - INFO - Test anime 4: ゆるゆり さん☆ハイ！
2025-05-14 12:45:55,975 - AnimePilgrimageUpdater - INFO - Test anime 5: Summer Pockets
2025-05-14 13:08:09,370 - AnimePilgrimageUpdater - INFO - Daily update completed successfully with detailed data
2025-05-14 17:19:14,471 - AnimePilgrimageUpdater - INFO - Starting daily anime pilgrimage updater
2025-05-14 17:19:14,471 - AnimePilgrimageUpdater - INFO - Running extract_apiid.py to refresh apiid.json
2025-05-14 17:19:14,680 - AnimePilgrimageUpdater - INFO - Successfully refreshed apiid.json
2025-05-14 17:19:18,154 - AnimePilgrimageUpdater - INFO - Testing anime list retrieval before running full scraper
2025-05-14 17:21:57,544 - AnimePilgrimageUpdater - INFO - Successfully retrieved 90 anime in test run
2025-05-14 17:21:57,544 - AnimePilgrimageUpdater - INFO - Test anime 1: 前橋ウィッチーズ
2025-05-14 17:21:57,544 - AnimePilgrimageUpdater - INFO - Test anime 2: ゆるゆり なちゅやちゅみ！＋
2025-05-14 17:21:57,544 - AnimePilgrimageUpdater - INFO - Test anime 3: ゆるゆり なちゅやちゅみ！
2025-05-14 17:21:57,544 - AnimePilgrimageUpdater - INFO - Test anime 4: ゆるゆり さん☆ハイ！
2025-05-14 17:21:57,544 - AnimePilgrimageUpdater - INFO - Test anime 5: Summer Pockets
2025-05-14 17:44:14,708 - AnimePilgrimageUpdater - INFO - Daily update completed successfully but no new data found
2025-05-15 12:43:25,681 - AnimePilgrimageUpdater - INFO - Starting daily anime pilgrimage updater
2025-05-15 12:43:25,681 - AnimePilgrimageUpdater - INFO - Running extract_apiid.py to refresh apiid.json
2025-05-15 12:43:25,892 - AnimePilgrimageUpdater - INFO - Successfully refreshed apiid.json
2025-05-15 12:43:27,160 - AnimePilgrimageUpdater - INFO - Testing anime list retrieval before running full scraper
2025-05-15 12:46:06,780 - AnimePilgrimageUpdater - INFO - Successfully retrieved 90 anime in test run
2025-05-15 12:46:06,780 - AnimePilgrimageUpdater - INFO - Test anime 1: 前橋ウィッチーズ
2025-05-15 12:46:06,780 - AnimePilgrimageUpdater - INFO - Test anime 2: ゆるゆり なちゅやちゅみ！＋
2025-05-15 12:46:06,780 - AnimePilgrimageUpdater - INFO - Test anime 3: ゆるゆり なちゅやちゅみ！
2025-05-15 12:46:06,780 - AnimePilgrimageUpdater - INFO - Test anime 4: ゆるゆり さん☆ハイ！
2025-05-15 12:46:06,780 - AnimePilgrimageUpdater - INFO - Test anime 5: Summer Pockets
2025-05-15 13:08:38,291 - AnimePilgrimageUpdater - INFO - Daily update completed successfully but no new data found
2025-05-16 12:43:56,942 - AnimePilgrimageUpdater - INFO - Starting daily anime pilgrimage updater
2025-05-16 12:43:56,942 - AnimePilgrimageUpdater - INFO - Running extract_apiid.py to refresh apiid.json
2025-05-16 12:43:57,152 - AnimePilgrimageUpdater - INFO - Successfully refreshed apiid.json
2025-05-16 12:43:58,781 - AnimePilgrimageUpdater - INFO - Testing anime list retrieval before running full scraper
2025-05-16 12:46:38,696 - AnimePilgrimageUpdater - INFO - Successfully retrieved 90 anime in test run
2025-05-16 12:46:38,696 - AnimePilgrimageUpdater - INFO - Test anime 1: 前橋ウィッチーズ
2025-05-16 12:46:38,696 - AnimePilgrimageUpdater - INFO - Test anime 2: ゆるゆり なちゅやちゅみ！＋
2025-05-16 12:46:38,696 - AnimePilgrimageUpdater - INFO - Test anime 3: ゆるゆり なちゅやちゅみ！
2025-05-16 12:46:38,696 - AnimePilgrimageUpdater - INFO - Test anime 4: ゆるゆり さん☆ハイ！
2025-05-16 12:46:38,696 - AnimePilgrimageUpdater - INFO - Test anime 5: Summer Pockets
2025-05-16 13:09:10,956 - AnimePilgrimageUpdater - INFO - Daily update completed successfully but no new data found
2025-05-17 12:40:20,637 - AnimePilgrimageUpdater - INFO - Starting daily anime pilgrimage updater
2025-05-17 12:40:20,638 - AnimePilgrimageUpdater - INFO - Running extract_apiid.py to refresh apiid.json
2025-05-17 12:40:20,843 - AnimePilgrimageUpdater - INFO - Successfully refreshed apiid.json
2025-05-17 12:40:23,197 - AnimePilgrimageUpdater - INFO - Testing anime list retrieval before running full scraper
2025-05-17 12:43:02,161 - AnimePilgrimageUpdater - INFO - Successfully retrieved 90 anime in test run
2025-05-17 12:43:02,161 - AnimePilgrimageUpdater - INFO - Test anime 1: 前橋ウィッチーズ
2025-05-17 12:43:02,161 - AnimePilgrimageUpdater - INFO - Test anime 2: ゆるゆり なちゅやちゅみ！＋
2025-05-17 12:43:02,161 - AnimePilgrimageUpdater - INFO - Test anime 3: ゆるゆり なちゅやちゅみ！
2025-05-17 12:43:02,161 - AnimePilgrimageUpdater - INFO - Test anime 4: ゆるゆり さん☆ハイ！
2025-05-17 12:43:02,161 - AnimePilgrimageUpdater - INFO - Test anime 5: Summer Pockets
2025-05-17 13:05:13,908 - AnimePilgrimageUpdater - INFO - Daily update completed successfully but no new data found
2025-05-18 12:39:38,520 - AnimePilgrimageUpdater - INFO - Starting daily anime pilgrimage updater
2025-05-18 12:39:38,520 - AnimePilgrimageUpdater - INFO - Running extract_apiid.py to refresh apiid.json
2025-05-18 12:39:38,808 - AnimePilgrimageUpdater - INFO - Successfully refreshed apiid.json
2025-05-18 12:39:40,673 - AnimePilgrimageUpdater - INFO - Testing anime list retrieval before running full scraper
2025-05-18 12:42:19,876 - AnimePilgrimageUpdater - INFO - Successfully retrieved 90 anime in test run
2025-05-18 12:42:19,876 - AnimePilgrimageUpdater - INFO - Test anime 1: 前橋ウィッチーズ
2025-05-18 12:42:19,876 - AnimePilgrimageUpdater - INFO - Test anime 2: ゆるゆり なちゅやちゅみ！＋
2025-05-18 12:42:19,876 - AnimePilgrimageUpdater - INFO - Test anime 3: ゆるゆり なちゅやちゅみ！
2025-05-18 12:42:19,876 - AnimePilgrimageUpdater - INFO - Test anime 4: ゆるゆり さん☆ハイ！
2025-05-18 12:42:19,876 - AnimePilgrimageUpdater - INFO - Test anime 5: Summer Pockets
2025-05-18 13:04:49,989 - AnimePilgrimageUpdater - INFO - Daily update completed successfully but no new data found
2025-05-19 12:48:48,238 - AnimePilgrimageUpdater - INFO - Starting daily anime pilgrimage updater
2025-05-19 12:48:48,238 - AnimePilgrimageUpdater - INFO - Running extract_apiid.py to refresh apiid.json
2025-05-19 12:48:48,445 - AnimePilgrimageUpdater - INFO - Successfully refreshed apiid.json
2025-05-19 12:48:51,152 - AnimePilgrimageUpdater - INFO - Testing anime list retrieval before running full scraper
2025-05-19 12:51:30,492 - AnimePilgrimageUpdater - INFO - Successfully retrieved 90 anime in test run
2025-05-19 12:51:30,492 - AnimePilgrimageUpdater - INFO - Test anime 1: 前橋ウィッチーズ
2025-05-19 12:51:30,492 - AnimePilgrimageUpdater - INFO - Test anime 2: ゆるゆり なちゅやちゅみ！＋
2025-05-19 12:51:30,492 - AnimePilgrimageUpdater - INFO - Test anime 3: ゆるゆり なちゅやちゅみ！
2025-05-19 12:51:30,492 - AnimePilgrimageUpdater - INFO - Test anime 4: ゆるゆり さん☆ハイ！
2025-05-19 12:51:30,492 - AnimePilgrimageUpdater - INFO - Test anime 5: Summer Pockets
2025-05-19 13:13:50,085 - AnimePilgrimageUpdater - INFO - Daily update completed successfully but no new data found
2025-05-20 12:45:47,215 - AnimePilgrimageUpdater - INFO - Starting daily anime pilgrimage updater
2025-05-20 12:45:47,215 - AnimePilgrimageUpdater - INFO - Running extract_apiid.py to refresh apiid.json
2025-05-20 12:45:47,425 - AnimePilgrimageUpdater - INFO - Successfully refreshed apiid.json
2025-05-20 12:45:48,566 - AnimePilgrimageUpdater - INFO - Testing anime list retrieval before running full scraper
2025-05-20 12:48:20,990 - AnimePilgrimageUpdater - INFO - Successfully retrieved 90 anime in test run
2025-05-20 12:48:20,991 - AnimePilgrimageUpdater - INFO - Test anime 1: 前橋ウィッチーズ
2025-05-20 12:48:20,991 - AnimePilgrimageUpdater - INFO - Test anime 2: ゆるゆり なちゅやちゅみ！＋
2025-05-20 12:48:20,991 - AnimePilgrimageUpdater - INFO - Test anime 3: ゆるゆり なちゅやちゅみ！
2025-05-20 12:48:20,991 - AnimePilgrimageUpdater - INFO - Test anime 4: ゆるゆり さん☆ハイ！
2025-05-20 12:48:20,991 - AnimePilgrimageUpdater - INFO - Test anime 5: Summer Pockets
2025-05-20 13:11:14,062 - AnimePilgrimageUpdater - INFO - Daily update completed successfully but no new data found
2025-05-21 12:44:31,200 - AnimePilgrimageUpdater - INFO - Starting daily anime pilgrimage updater
2025-05-21 12:44:31,201 - AnimePilgrimageUpdater - INFO - Running extract_apiid.py to refresh apiid.json
2025-05-21 12:44:31,406 - AnimePilgrimageUpdater - INFO - Successfully refreshed apiid.json
2025-05-21 12:44:32,822 - AnimePilgrimageUpdater - INFO - Testing anime list retrieval before running full scraper
2025-05-21 12:47:05,569 - AnimePilgrimageUpdater - INFO - Successfully retrieved 90 anime in test run
2025-05-21 12:47:05,569 - AnimePilgrimageUpdater - INFO - Test anime 1: 前橋ウィッチーズ
2025-05-21 12:47:05,569 - AnimePilgrimageUpdater - INFO - Test anime 2: ゆるゆり なちゅやちゅみ！＋
2025-05-21 12:47:05,569 - AnimePilgrimageUpdater - INFO - Test anime 3: ゆるゆり なちゅやちゅみ！
2025-05-21 12:47:05,569 - AnimePilgrimageUpdater - INFO - Test anime 4: ゆるゆり さん☆ハイ！
2025-05-21 12:47:05,569 - AnimePilgrimageUpdater - INFO - Test anime 5: Summer Pockets
2025-05-21 13:09:27,516 - AnimePilgrimageUpdater - INFO - Daily update completed successfully but no new data found
2025-05-22 12:44:17,628 - AnimePilgrimageUpdater - INFO - Starting daily anime pilgrimage updater
2025-05-22 12:44:17,628 - AnimePilgrimageUpdater - INFO - Running extract_apiid.py to refresh apiid.json
2025-05-22 12:44:17,833 - AnimePilgrimageUpdater - INFO - Successfully refreshed apiid.json
2025-05-22 12:44:19,120 - AnimePilgrimageUpdater - INFO - Testing anime list retrieval before running full scraper
2025-05-22 12:46:51,673 - AnimePilgrimageUpdater - INFO - Successfully retrieved 90 anime in test run
2025-05-22 12:46:51,673 - AnimePilgrimageUpdater - INFO - Test anime 1: 前橋ウィッチーズ
2025-05-22 12:46:51,673 - AnimePilgrimageUpdater - INFO - Test anime 2: ゆるゆり なちゅやちゅみ！＋
2025-05-22 12:46:51,673 - AnimePilgrimageUpdater - INFO - Test anime 3: ゆるゆり なちゅやちゅみ！
2025-05-22 12:46:51,673 - AnimePilgrimageUpdater - INFO - Test anime 4: ゆるゆり さん☆ハイ！
2025-05-22 12:46:51,673 - AnimePilgrimageUpdater - INFO - Test anime 5: Summer Pockets
2025-05-22 13:09:17,718 - AnimePilgrimageUpdater - INFO - Daily update completed successfully but no new data found
2025-05-23 12:42:37,142 - AnimePilgrimageUpdater - INFO - Starting daily anime pilgrimage updater
2025-05-23 12:42:37,143 - AnimePilgrimageUpdater - INFO - Running extract_apiid.py to refresh apiid.json
2025-05-23 12:42:37,354 - AnimePilgrimageUpdater - INFO - Successfully refreshed apiid.json
2025-05-23 12:42:38,357 - AnimePilgrimageUpdater - INFO - Testing anime list retrieval before running full scraper
2025-05-23 12:45:18,148 - AnimePilgrimageUpdater - INFO - Successfully retrieved 90 anime in test run
2025-05-23 12:45:18,148 - AnimePilgrimageUpdater - INFO - Test anime 1: 前橋ウィッチーズ
2025-05-23 12:45:18,148 - AnimePilgrimageUpdater - INFO - Test anime 2: ゆるゆり なちゅやちゅみ！＋
2025-05-23 12:45:18,148 - AnimePilgrimageUpdater - INFO - Test anime 3: ゆるゆり なちゅやちゅみ！
2025-05-23 12:45:18,148 - AnimePilgrimageUpdater - INFO - Test anime 4: ゆるゆり さん☆ハイ！
2025-05-23 12:45:18,148 - AnimePilgrimageUpdater - INFO - Test anime 5: Summer Pockets
2025-05-23 13:07:46,812 - AnimePilgrimageUpdater - INFO - Daily update completed successfully but no new data found
2025-05-24 12:40:30,883 - AnimePilgrimageUpdater - INFO - Starting daily anime pilgrimage updater
2025-05-24 12:40:30,883 - AnimePilgrimageUpdater - INFO - Running extract_apiid.py to refresh apiid.json
2025-05-24 12:40:31,089 - AnimePilgrimageUpdater - INFO - Successfully refreshed apiid.json
2025-05-24 12:40:32,501 - AnimePilgrimageUpdater - INFO - Testing anime list retrieval before running full scraper
2025-05-24 12:43:11,755 - AnimePilgrimageUpdater - INFO - Successfully retrieved 90 anime in test run
2025-05-24 12:43:11,756 - AnimePilgrimageUpdater - INFO - Test anime 1: 前橋ウィッチーズ
2025-05-24 12:43:11,756 - AnimePilgrimageUpdater - INFO - Test anime 2: ゆるゆり なちゅやちゅみ！＋
2025-05-24 12:43:11,756 - AnimePilgrimageUpdater - INFO - Test anime 3: ゆるゆり なちゅやちゅみ！
2025-05-24 12:43:11,756 - AnimePilgrimageUpdater - INFO - Test anime 4: ゆるゆり さん☆ハイ！
2025-05-24 12:43:11,756 - AnimePilgrimageUpdater - INFO - Test anime 5: Summer Pockets
2025-05-24 13:05:52,588 - AnimePilgrimageUpdater - INFO - Daily update completed successfully but no new data found
2025-05-25 12:40:03,340 - AnimePilgrimageUpdater - INFO - Starting daily anime pilgrimage updater
2025-05-25 12:40:03,340 - AnimePilgrimageUpdater - INFO - Running extract_apiid.py to refresh apiid.json
2025-05-25 12:40:03,548 - AnimePilgrimageUpdater - INFO - Successfully refreshed apiid.json
2025-05-25 12:40:04,913 - AnimePilgrimageUpdater - INFO - Testing anime list retrieval before running full scraper
2025-05-25 12:42:44,043 - AnimePilgrimageUpdater - INFO - Successfully retrieved 90 anime in test run
2025-05-25 12:42:44,043 - AnimePilgrimageUpdater - INFO - Test anime 1: 前橋ウィッチーズ
2025-05-25 12:42:44,043 - AnimePilgrimageUpdater - INFO - Test anime 2: ゆるゆり なちゅやちゅみ！＋
2025-05-25 12:42:44,043 - AnimePilgrimageUpdater - INFO - Test anime 3: ゆるゆり なちゅやちゅみ！
2025-05-25 12:42:44,043 - AnimePilgrimageUpdater - INFO - Test anime 4: ゆるゆり さん☆ハイ！
2025-05-25 12:42:44,043 - AnimePilgrimageUpdater - INFO - Test anime 5: Summer Pockets
2025-05-25 13:04:57,293 - AnimePilgrimageUpdater - INFO - Daily update completed successfully but no new data found
2025-05-26 12:42:32,319 - AnimePilgrimageUpdater - INFO - Starting daily anime pilgrimage updater
2025-05-26 12:42:32,319 - AnimePilgrimageUpdater - INFO - Running extract_apiid.py to refresh apiid.json
2025-05-26 12:42:32,545 - AnimePilgrimageUpdater - INFO - Successfully refreshed apiid.json
2025-05-26 12:42:33,749 - AnimePilgrimageUpdater - INFO - Testing anime list retrieval before running full scraper
2025-05-26 12:45:13,347 - AnimePilgrimageUpdater - INFO - Successfully retrieved 90 anime in test run
2025-05-26 12:45:13,347 - AnimePilgrimageUpdater - INFO - Test anime 1: 小市民シリーズ 2期
2025-05-26 12:45:13,347 - AnimePilgrimageUpdater - INFO - Test anime 2: ウマ娘 シンデレラグレイ
2025-05-26 12:45:13,347 - AnimePilgrimageUpdater - INFO - Test anime 3: 前橋ウィッチーズ
2025-05-26 12:45:13,348 - AnimePilgrimageUpdater - INFO - Test anime 4: ゆるゆり なちゅやちゅみ！＋
2025-05-26 12:45:13,348 - AnimePilgrimageUpdater - INFO - Test anime 5: ゆるゆり なちゅやちゅみ！
2025-05-26 13:07:40,229 - AnimePilgrimageUpdater - INFO - Daily update completed successfully but no new data found
2025-05-27 12:44:52,000 - AnimePilgrimageUpdater - INFO - Starting daily anime pilgrimage updater
2025-05-27 12:44:52,000 - AnimePilgrimageUpdater - INFO - Running extract_apiid.py to refresh apiid.json
2025-05-27 12:44:52,216 - AnimePilgrimageUpdater - INFO - Successfully refreshed apiid.json
2025-05-27 12:44:53,140 - AnimePilgrimageUpdater - INFO - Testing anime list retrieval before running full scraper
2025-05-27 12:47:32,508 - AnimePilgrimageUpdater - INFO - Successfully retrieved 88 anime in test run
2025-05-27 12:47:32,508 - AnimePilgrimageUpdater - INFO - Test anime 1: 小市民シリーズ 2期
2025-05-27 12:47:32,508 - AnimePilgrimageUpdater - INFO - Test anime 2: ウマ娘 シンデレラグレイ
2025-05-27 12:47:32,508 - AnimePilgrimageUpdater - INFO - Test anime 3: 前橋ウィッチーズ
2025-05-27 12:47:32,508 - AnimePilgrimageUpdater - INFO - Test anime 4: ゆるゆり なちゅやちゅみ！＋
2025-05-27 12:47:32,508 - AnimePilgrimageUpdater - INFO - Test anime 5: ゆるゆり なちゅやちゅみ！
2025-05-27 13:08:52,705 - AnimePilgrimageUpdater - INFO - Daily update completed successfully but no new data found
2025-05-28 12:45:04,678 - AnimePilgrimageUpdater - INFO - Starting daily anime pilgrimage updater
2025-05-28 12:45:04,679 - AnimePilgrimageUpdater - INFO - Running extract_apiid.py to refresh apiid.json
2025-05-28 12:45:04,893 - AnimePilgrimageUpdater - INFO - Successfully refreshed apiid.json
2025-05-28 12:45:05,872 - AnimePilgrimageUpdater - INFO - Testing anime list retrieval before running full scraper
2025-05-28 12:47:15,713 - AnimePilgrimageUpdater - INFO - Successfully retrieved 33 anime in test run
2025-05-28 12:47:15,713 - AnimePilgrimageUpdater - INFO - Test anime 1: 小市民シリーズ 2期
2025-05-28 12:47:15,713 - AnimePilgrimageUpdater - INFO - Test anime 2: ウマ娘 シンデレラグレイ
2025-05-28 12:47:15,713 - AnimePilgrimageUpdater - INFO - Test anime 3: 前橋ウィッチーズ
2025-05-28 12:47:15,713 - AnimePilgrimageUpdater - INFO - Test anime 4: ゆるゆり なちゅやちゅみ！＋
2025-05-28 12:47:15,713 - AnimePilgrimageUpdater - INFO - Test anime 5: ゆるゆり なちゅやちゅみ！
2025-05-28 13:00:00,243 - AnimePilgrimageUpdater - INFO - Daily update completed successfully but no new data found
2025-05-29 12:44:18,624 - AnimePilgrimageUpdater - INFO - Starting daily anime pilgrimage updater
2025-05-29 12:44:18,624 - AnimePilgrimageUpdater - INFO - Running extract_apiid.py to refresh apiid.json
2025-05-29 12:44:18,833 - AnimePilgrimageUpdater - INFO - Successfully refreshed apiid.json
2025-05-29 12:44:19,801 - AnimePilgrimageUpdater - INFO - Testing anime list retrieval before running full scraper
2025-05-29 12:46:29,679 - AnimePilgrimageUpdater - INFO - Successfully retrieved 33 anime in test run
2025-05-29 12:46:29,680 - AnimePilgrimageUpdater - INFO - Test anime 1: 小市民シリーズ 2期
2025-05-29 12:46:29,680 - AnimePilgrimageUpdater - INFO - Test anime 2: ウマ娘 シンデレラグレイ
2025-05-29 12:46:29,680 - AnimePilgrimageUpdater - INFO - Test anime 3: 前橋ウィッチーズ
2025-05-29 12:46:29,680 - AnimePilgrimageUpdater - INFO - Test anime 4: ゆるゆり なちゅやちゅみ！＋
2025-05-29 12:46:29,680 - AnimePilgrimageUpdater - INFO - Test anime 5: ゆるゆり なちゅやちゅみ！
2025-05-29 12:59:28,368 - AnimePilgrimageUpdater - INFO - Daily update completed successfully but no new data found
2025-05-30 12:43:28,677 - AnimePilgrimageUpdater - INFO - Starting daily anime pilgrimage updater
2025-05-30 12:43:28,677 - AnimePilgrimageUpdater - INFO - Running extract_apiid.py to refresh apiid.json
2025-05-30 12:43:28,885 - AnimePilgrimageUpdater - INFO - Successfully refreshed apiid.json
2025-05-30 12:43:30,006 - AnimePilgrimageUpdater - INFO - Testing anime list retrieval before running full scraper
2025-05-30 12:46:10,232 - AnimePilgrimageUpdater - INFO - Successfully retrieved 90 anime in test run
2025-05-30 12:46:10,232 - AnimePilgrimageUpdater - INFO - Test anime 1: 前橋ウィッチーズ
2025-05-30 12:46:10,232 - AnimePilgrimageUpdater - INFO - Test anime 2: mono
2025-05-30 12:46:10,232 - AnimePilgrimageUpdater - INFO - Test anime 3: 真･侍伝 YAIBA
2025-05-30 12:46:10,232 - AnimePilgrimageUpdater - INFO - Test anime 4: 劇場版 のんのんびより ばけーしょん
2025-05-30 12:46:10,232 - AnimePilgrimageUpdater - INFO - Test anime 5: アポカリプスホテル
2025-05-30 13:09:14,082 - AnimePilgrimageUpdater - INFO - Daily update completed successfully with detailed data
2025-05-31 12:40:45,668 - AnimePilgrimageUpdater - INFO - Starting daily anime pilgrimage updater
2025-05-31 12:40:45,668 - AnimePilgrimageUpdater - INFO - Running extract_apiid.py to refresh apiid.json
2025-05-31 12:40:45,877 - AnimePilgrimageUpdater - INFO - Successfully refreshed apiid.json
2025-05-31 12:40:47,267 - AnimePilgrimageUpdater - INFO - Testing anime list retrieval before running full scraper
2025-05-31 12:43:26,520 - AnimePilgrimageUpdater - INFO - Successfully retrieved 90 anime in test run
2025-05-31 12:43:26,520 - AnimePilgrimageUpdater - INFO - Test anime 1: 前橋ウィッチーズ
2025-05-31 12:43:26,520 - AnimePilgrimageUpdater - INFO - Test anime 2: mono
2025-05-31 12:43:26,520 - AnimePilgrimageUpdater - INFO - Test anime 3: 真･侍伝 YAIBA
2025-05-31 12:43:26,520 - AnimePilgrimageUpdater - INFO - Test anime 4: 劇場版 のんのんびより ばけーしょん
2025-05-31 12:43:26,520 - AnimePilgrimageUpdater - INFO - Test anime 5: アポカリプスホテル
2025-05-31 13:05:26,375 - AnimePilgrimageUpdater - INFO - Daily update completed successfully but no new data found
2025-06-01 12:42:04,545 - AnimePilgrimageUpdater - INFO - Starting daily anime pilgrimage updater
2025-06-01 12:42:04,545 - AnimePilgrimageUpdater - INFO - Running extract_apiid.py to refresh apiid.json
2025-06-01 12:42:04,751 - AnimePilgrimageUpdater - INFO - Successfully refreshed apiid.json
2025-06-01 12:42:06,683 - AnimePilgrimageUpdater - INFO - Testing anime list retrieval before running full scraper
2025-06-01 12:44:39,159 - AnimePilgrimageUpdater - INFO - Successfully retrieved 90 anime in test run
2025-06-01 12:44:39,159 - AnimePilgrimageUpdater - INFO - Test anime 1: ウィッチウォッチ
2025-06-01 12:44:39,159 - AnimePilgrimageUpdater - INFO - Test anime 2: 小市民シリーズ 2期
2025-06-01 12:44:39,159 - AnimePilgrimageUpdater - INFO - Test anime 3: ウマ娘 シンデレラグレイ
2025-06-01 12:44:39,159 - AnimePilgrimageUpdater - INFO - Test anime 4: mono
2025-06-01 12:44:39,160 - AnimePilgrimageUpdater - INFO - Test anime 5: 前橋ウィッチーズ
2025-06-01 13:06:28,683 - AnimePilgrimageUpdater - INFO - Daily update completed successfully but no new data found
2025-06-02 12:44:50,420 - AnimePilgrimageUpdater - INFO - Starting daily anime pilgrimage updater
2025-06-02 12:44:50,421 - AnimePilgrimageUpdater - INFO - Running extract_apiid.py to refresh apiid.json
2025-06-02 12:44:50,631 - AnimePilgrimageUpdater - INFO - Successfully refreshed apiid.json
2025-06-02 12:44:51,962 - AnimePilgrimageUpdater - INFO - Testing anime list retrieval before running full scraper
2025-06-02 12:47:31,292 - AnimePilgrimageUpdater - INFO - Successfully retrieved 90 anime in test run
2025-06-02 12:47:31,292 - AnimePilgrimageUpdater - INFO - Test anime 1: ウィッチウォッチ
2025-06-02 12:47:31,292 - AnimePilgrimageUpdater - INFO - Test anime 2: 小市民シリーズ 2期
2025-06-02 12:47:31,292 - AnimePilgrimageUpdater - INFO - Test anime 3: ウマ娘 シンデレラグレイ
2025-06-02 12:47:31,292 - AnimePilgrimageUpdater - INFO - Test anime 4: mono
2025-06-02 12:47:31,292 - AnimePilgrimageUpdater - INFO - Test anime 5: 前橋ウィッチーズ
2025-06-02 13:09:32,520 - AnimePilgrimageUpdater - INFO - Daily update completed successfully but no new data found
2025-06-03 12:45:54,857 - AnimePilgrimageUpdater - INFO - Starting daily anime pilgrimage updater
2025-06-03 12:45:54,857 - AnimePilgrimageUpdater - INFO - Running extract_apiid.py to refresh apiid.json
2025-06-03 12:45:55,067 - AnimePilgrimageUpdater - INFO - Successfully refreshed apiid.json
2025-06-03 12:45:56,053 - AnimePilgrimageUpdater - INFO - Testing anime list retrieval before running full scraper
2025-06-03 12:48:35,382 - AnimePilgrimageUpdater - INFO - Successfully retrieved 90 anime in test run
2025-06-03 12:48:35,382 - AnimePilgrimageUpdater - INFO - Test anime 1: ウィッチウォッチ
2025-06-03 12:48:35,382 - AnimePilgrimageUpdater - INFO - Test anime 2: 小市民シリーズ 2期
2025-06-03 12:48:35,383 - AnimePilgrimageUpdater - INFO - Test anime 3: ウマ娘 シンデレラグレイ
2025-06-03 12:48:35,383 - AnimePilgrimageUpdater - INFO - Test anime 4: mono
2025-06-03 12:48:35,383 - AnimePilgrimageUpdater - INFO - Test anime 5: 前橋ウィッチーズ
2025-06-03 13:10:47,145 - AnimePilgrimageUpdater - INFO - Daily update completed successfully but no new data found
2025-06-04 12:45:13,594 - AnimePilgrimageUpdater - INFO - Starting daily anime pilgrimage updater
2025-06-04 12:45:13,594 - AnimePilgrimageUpdater - INFO - Running extract_apiid.py to refresh apiid.json
2025-06-04 12:45:13,803 - AnimePilgrimageUpdater - INFO - Successfully refreshed apiid.json
2025-06-04 12:45:14,848 - AnimePilgrimageUpdater - INFO - Testing anime list retrieval before running full scraper
2025-06-04 12:47:54,424 - AnimePilgrimageUpdater - INFO - Successfully retrieved 90 anime in test run
2025-06-04 12:47:54,424 - AnimePilgrimageUpdater - INFO - Test anime 1: ウィッチウォッチ
2025-06-04 12:47:54,424 - AnimePilgrimageUpdater - INFO - Test anime 2: 小市民シリーズ 2期
2025-06-04 12:47:54,424 - AnimePilgrimageUpdater - INFO - Test anime 3: ウマ娘 シンデレラグレイ
2025-06-04 12:47:54,424 - AnimePilgrimageUpdater - INFO - Test anime 4: mono
2025-06-04 12:47:54,424 - AnimePilgrimageUpdater - INFO - Test anime 5: 前橋ウィッチーズ
2025-06-04 13:09:54,272 - AnimePilgrimageUpdater - INFO - Daily update completed successfully but no new data found
2025-06-05 02:18:34,999 - 动漫巡礼更新器 - INFO - 开始运行每日动漫巡礼更新器
2025-06-05 02:18:34,999 - 动漫巡礼更新器 - INFO - 运行 extract_apiid.py 来刷新 apiid.json
2025-06-05 02:18:35,211 - 动漫巡礼更新器 - INFO - 成功刷新 apiid.json
2025-06-05 02:18:38,748 - 动漫巡礼更新器 - INFO - 在运行完整爬虫之前测试动漫列表检索
2025-06-05 02:21:18,058 - 动漫巡礼更新器 - INFO - 测试运行中成功检索到 90 部动漫
2025-06-05 02:21:18,058 - 动漫巡礼更新器 - INFO - 测试动漫 1: ウィッチウォッチ
2025-06-05 02:21:18,058 - 动漫巡礼更新器 - INFO - 测试动漫 2: 小市民シリーズ 2期
2025-06-05 02:21:18,058 - 动漫巡礼更新器 - INFO - 测试动漫 3: ウマ娘 シンデレラグレイ
2025-06-05 02:21:18,058 - 动漫巡礼更新器 - INFO - 测试动漫 4: mono
2025-06-05 02:21:18,058 - 动漫巡礼更新器 - INFO - 测试动漫 5: 前橋ウィッチーズ
2025-06-05 02:45:47,519 - 动漫巡礼更新器 - INFO - 每日更新成功完成，包含详细数据
2025-06-05 05:59:09,441 - 动漫巡礼更新器 - INFO - 开始运行每日动漫巡礼更新器
2025-06-05 05:59:09,441 - 动漫巡礼更新器 - INFO - 运行 extract_apiid.py 来刷新 apiid.json
2025-06-05 05:59:09,647 - 动漫巡礼更新器 - INFO - 成功刷新 apiid.json
2025-06-05 05:59:11,484 - 动漫巡礼更新器 - INFO - 在运行完整爬虫之前测试动漫列表检索
2025-06-05 06:01:50,535 - 动漫巡礼更新器 - INFO - 测试运行中成功检索到 90 部动漫
2025-06-05 06:01:50,535 - 动漫巡礼更新器 - INFO - 测试动漫 1: ウィッチウォッチ
2025-06-05 06:01:50,535 - 动漫巡礼更新器 - INFO - 测试动漫 2: 小市民シリーズ 2期
2025-06-05 06:01:50,535 - 动漫巡礼更新器 - INFO - 测试动漫 3: ウマ娘 シンデレラグレイ
2025-06-05 06:01:50,535 - 动漫巡礼更新器 - INFO - 测试动漫 4: mono
2025-06-05 06:01:50,535 - 动漫巡礼更新器 - INFO - 测试动漫 5: 前橋ウィッチーズ
2025-06-05 06:23:38,679 - 动漫巡礼更新器 - INFO - 每日更新成功完成，但未找到新数据
2025-06-05 12:44:53,219 - 动漫巡礼更新器 - INFO - 开始运行每日动漫巡礼更新器
2025-06-05 12:44:53,219 - 动漫巡礼更新器 - INFO - 运行 extract_apiid.py 来刷新 apiid.json
2025-06-05 12:44:53,427 - 动漫巡礼更新器 - INFO - 成功刷新 apiid.json
2025-06-05 12:44:54,348 - 动漫巡礼更新器 - INFO - 在运行完整爬虫之前测试动漫列表检索
2025-06-05 12:47:33,785 - 动漫巡礼更新器 - INFO - 测试运行中成功检索到 89 部动漫
2025-06-05 12:47:33,785 - 动漫巡礼更新器 - INFO - 测试动漫 1: ウィッチウォッチ
2025-06-05 12:47:33,785 - 动漫巡礼更新器 - INFO - 测试动漫 2: 小市民シリーズ 2期
2025-06-05 12:47:33,785 - 动漫巡礼更新器 - INFO - 测试动漫 3: ウマ娘 シンデレラグレイ
2025-06-05 12:47:33,786 - 动漫巡礼更新器 - INFO - 测试动漫 4: mono
2025-06-05 12:47:33,786 - 动漫巡礼更新器 - INFO - 测试动漫 5: 前橋ウィッチーズ
2025-06-05 13:09:31,064 - 动漫巡礼更新器 - INFO - 每日更新成功完成，但未找到新数据
2025-06-06 12:43:36,765 - 动漫巡礼更新器 - INFO - 开始运行每日动漫巡礼更新器
2025-06-06 12:43:36,765 - 动漫巡礼更新器 - INFO - 运行 extract_apiid.py 来刷新 apiid.json
2025-06-06 12:43:36,974 - 动漫巡礼更新器 - INFO - 成功刷新 apiid.json
2025-06-06 12:43:37,978 - 动漫巡礼更新器 - INFO - 在运行完整爬虫之前测试动漫列表检索
2025-06-06 12:45:48,192 - 动漫巡礼更新器 - INFO - 测试运行中成功检索到 33 部动漫
2025-06-06 12:45:48,192 - 动漫巡礼更新器 - INFO - 测试动漫 1: ウィッチウォッチ
2025-06-06 12:45:48,193 - 动漫巡礼更新器 - INFO - 测试动漫 2: 小市民シリーズ 2期
2025-06-06 12:45:48,193 - 动漫巡礼更新器 - INFO - 测试动漫 3: ウマ娘 シンデレラグレイ
2025-06-06 12:45:48,193 - 动漫巡礼更新器 - INFO - 测试动漫 4: mono
2025-06-06 12:45:48,193 - 动漫巡礼更新器 - INFO - 测试动漫 5: 前橋ウィッチーズ
2025-06-06 12:58:12,238 - 动漫巡礼更新器 - INFO - 每日更新成功完成，但未找到新数据
2025-06-07 12:40:16,682 - 动漫巡礼更新器 - INFO - 开始运行每日动漫巡礼更新器
2025-06-07 12:40:16,683 - 动漫巡礼更新器 - INFO - 运行 extract_apiid.py 来刷新 apiid.json
2025-06-07 12:40:16,888 - 动漫巡礼更新器 - INFO - 成功刷新 apiid.json
2025-06-07 12:40:18,001 - 动漫巡礼更新器 - INFO - 在运行完整爬虫之前测试动漫列表检索
2025-06-07 12:42:27,994 - 动漫巡礼更新器 - INFO - 测试运行中成功检索到 33 部动漫
2025-06-07 12:42:27,994 - 动漫巡礼更新器 - INFO - 测试动漫 1: ウィッチウォッチ
2025-06-07 12:42:27,994 - 动漫巡礼更新器 - INFO - 测试动漫 2: 小市民シリーズ 2期
2025-06-07 12:42:27,994 - 动漫巡礼更新器 - INFO - 测试动漫 3: ウマ娘 シンデレラグレイ
2025-06-07 12:42:27,994 - 动漫巡礼更新器 - INFO - 测试动漫 4: mono
2025-06-07 12:42:27,994 - 动漫巡礼更新器 - INFO - 测试动漫 5: 前橋ウィッチーズ
2025-06-07 12:54:48,827 - 动漫巡礼更新器 - INFO - 每日更新成功完成，但未找到新数据
2025-06-08 12:40:32,507 - 动漫巡礼更新器 - INFO - 开始运行每日动漫巡礼更新器
2025-06-08 12:40:32,507 - 动漫巡礼更新器 - INFO - 运行 extract_apiid.py 来刷新 apiid.json
2025-06-08 12:40:32,711 - 动漫巡礼更新器 - INFO - 成功刷新 apiid.json
2025-06-08 12:40:34,963 - 动漫巡礼更新器 - INFO - 在运行完整爬虫之前测试动漫列表检索
2025-06-08 12:43:14,667 - 动漫巡礼更新器 - INFO - 测试运行中成功检索到 90 部动漫
2025-06-08 12:43:14,667 - 动漫巡礼更新器 - INFO - 测试动漫 1: スローループ
2025-06-08 12:43:14,667 - 动漫巡礼更新器 - INFO - 测试动漫 2: 真･侍伝 YAIBA
2025-06-08 12:43:14,667 - 动漫巡礼更新器 - INFO - 测试动漫 3: ホリミヤ -piece-
2025-06-08 12:43:14,667 - 动漫巡礼更新器 - INFO - 测试动漫 4: 小市民シリーズ 2期
2025-06-08 12:43:14,667 - 动漫巡礼更新器 - INFO - 测试动漫 5: mono
2025-06-08 13:05:40,821 - 动漫巡礼更新器 - INFO - 每日更新成功完成，包含详细数据
2025-06-09 12:45:17,562 - 动漫巡礼更新器 - INFO - 开始运行每日动漫巡礼更新器
2025-06-09 12:45:17,562 - 动漫巡礼更新器 - INFO - 运行 extract_apiid.py 来刷新 apiid.json
2025-06-09 12:45:17,769 - 动漫巡礼更新器 - INFO - 成功刷新 apiid.json
2025-06-09 12:45:18,739 - 动漫巡礼更新器 - INFO - 在运行完整爬虫之前测试动漫列表检索
2025-06-09 12:47:58,197 - 动漫巡礼更新器 - INFO - 测试运行中成功检索到 90 部动漫
2025-06-09 12:47:58,197 - 动漫巡礼更新器 - INFO - 测试动漫 1: スローループ
2025-06-09 12:47:58,197 - 动漫巡礼更新器 - INFO - 测试动漫 2: 真･侍伝 YAIBA
2025-06-09 12:47:58,197 - 动漫巡礼更新器 - INFO - 测试动漫 3: ホリミヤ -piece-
2025-06-09 12:47:58,197 - 动漫巡礼更新器 - INFO - 测试动漫 4: 小市民シリーズ 2期
2025-06-09 12:47:58,197 - 动漫巡礼更新器 - INFO - 测试动漫 5: mono
2025-06-09 13:09:53,255 - 动漫巡礼更新器 - INFO - 每日更新成功完成，但未找到新数据
2025-06-10 12:54:57,599 - 动漫巡礼更新器 - INFO - 开始运行每日动漫巡礼更新器
2025-06-10 12:54:57,600 - 动漫巡礼更新器 - INFO - 运行 extract_apiid.py 来刷新 apiid.json
2025-06-10 12:54:57,809 - 动漫巡礼更新器 - INFO - 成功刷新 apiid.json
2025-06-10 12:54:59,972 - 动漫巡礼更新器 - INFO - 在运行完整爬虫之前测试动漫列表检索
2025-06-10 12:57:36,887 - 动漫巡礼更新器 - INFO - 测试运行中成功检索到 90 部动漫
2025-06-10 12:57:36,887 - 动漫巡礼更新器 - INFO - 测试动漫 1: スローループ
2025-06-10 12:57:36,887 - 动漫巡礼更新器 - INFO - 测试动漫 2: 真･侍伝 YAIBA
2025-06-10 12:57:36,887 - 动漫巡礼更新器 - INFO - 测试动漫 3: ホリミヤ -piece-
2025-06-10 12:57:36,888 - 动漫巡礼更新器 - INFO - 测试动漫 4: 小市民シリーズ 2期
2025-06-10 12:57:36,888 - 动漫巡礼更新器 - INFO - 测试动漫 5: mono
2025-06-10 13:19:56,357 - 动漫巡礼更新器 - INFO - 每日更新成功完成，但未找到新数据
2025-06-11 12:45:43,789 - 动漫巡礼更新器 - INFO - 开始运行每日动漫巡礼更新器
2025-06-11 12:45:43,789 - 动漫巡礼更新器 - INFO - 运行 extract_apiid.py 来刷新 apiid.json
2025-06-11 12:45:44,000 - 动漫巡礼更新器 - INFO - 成功刷新 apiid.json
2025-06-11 12:45:44,520 - 动漫巡礼更新器 - INFO - 在运行完整爬虫之前测试动漫列表检索
2025-06-11 12:48:23,967 - 动漫巡礼更新器 - INFO - 测试运行中成功检索到 90 部动漫
2025-06-11 12:48:23,967 - 动漫巡礼更新器 - INFO - 测试动漫 1: スローループ
2025-06-11 12:48:23,967 - 动漫巡礼更新器 - INFO - 测试动漫 2: 真･侍伝 YAIBA
2025-06-11 12:48:23,967 - 动漫巡礼更新器 - INFO - 测试动漫 3: ホリミヤ -piece-
2025-06-11 12:48:23,968 - 动漫巡礼更新器 - INFO - 测试动漫 4: 小市民シリーズ 2期
2025-06-11 12:48:23,968 - 动漫巡礼更新器 - INFO - 测试动漫 5: mono
2025-06-11 13:10:15,361 - 动漫巡礼更新器 - INFO - 每日更新成功完成，但未找到新数据
2025-06-12 12:44:25,224 - 动漫巡礼更新器 - INFO - 开始运行每日动漫巡礼更新器
2025-06-12 12:44:25,224 - 动漫巡礼更新器 - INFO - 运行 extract_apiid.py 来刷新 apiid.json
2025-06-12 12:44:25,435 - 动漫巡礼更新器 - INFO - 成功刷新 apiid.json
2025-06-12 12:44:26,477 - 动漫巡礼更新器 - INFO - 在运行完整爬虫之前测试动漫列表检索
2025-06-12 12:47:05,983 - 动漫巡礼更新器 - INFO - 测试运行中成功检索到 90 部动漫
2025-06-12 12:47:05,984 - 动漫巡礼更新器 - INFO - 测试动漫 1: スローループ
2025-06-12 12:47:05,984 - 动漫巡礼更新器 - INFO - 测试动漫 2: 真･侍伝 YAIBA
2025-06-12 12:47:05,984 - 动漫巡礼更新器 - INFO - 测试动漫 3: ホリミヤ -piece-
2025-06-12 12:47:05,984 - 动漫巡礼更新器 - INFO - 测试动漫 4: 小市民シリーズ 2期
2025-06-12 12:47:05,984 - 动漫巡礼更新器 - INFO - 测试动漫 5: mono
2025-06-12 13:08:54,711 - 动漫巡礼更新器 - INFO - 每日更新成功完成，但未找到新数据
2025-06-13 12:45:04,534 - 动漫巡礼更新器 - INFO - 开始运行每日动漫巡礼更新器
2025-06-13 12:45:04,534 - 动漫巡礼更新器 - INFO - 运行 extract_apiid.py 来刷新 apiid.json
2025-06-13 12:45:04,740 - 动漫巡礼更新器 - INFO - 成功刷新 apiid.json
2025-06-13 12:45:06,103 - 动漫巡礼更新器 - INFO - 在运行完整爬虫之前测试动漫列表检索
2025-06-13 12:47:45,774 - 动漫巡礼更新器 - INFO - 测试运行中成功检索到 90 部动漫
2025-06-13 12:47:45,774 - 动漫巡礼更新器 - INFO - 测试动漫 1: スローループ
2025-06-13 12:47:45,774 - 动漫巡礼更新器 - INFO - 测试动漫 2: 真･侍伝 YAIBA
2025-06-13 12:47:45,774 - 动漫巡礼更新器 - INFO - 测试动漫 3: ホリミヤ -piece-
2025-06-13 12:47:45,774 - 动漫巡礼更新器 - INFO - 测试动漫 4: 小市民シリーズ 2期
2025-06-13 12:47:45,774 - 动漫巡礼更新器 - INFO - 测试动漫 5: mono
2025-06-13 13:09:35,031 - 动漫巡礼更新器 - INFO - 每日更新成功完成，但未找到新数据
2025-06-14 12:41:46,419 - 动漫巡礼更新器 - INFO - 开始运行每日动漫巡礼更新器
2025-06-14 12:41:46,419 - 动漫巡礼更新器 - INFO - 运行 extract_apiid.py 来刷新 apiid.json
2025-06-14 12:41:46,621 - 动漫巡礼更新器 - INFO - 成功刷新 apiid.json
2025-06-14 12:41:48,699 - 动漫巡礼更新器 - INFO - 在运行完整爬虫之前测试动漫列表检索
2025-06-14 12:44:28,109 - 动漫巡礼更新器 - INFO - 测试运行中成功检索到 90 部动漫
2025-06-14 12:44:28,109 - 动漫巡礼更新器 - INFO - 测试动漫 1: スローループ
2025-06-14 12:44:28,109 - 动漫巡礼更新器 - INFO - 测试动漫 2: 真･侍伝 YAIBA
2025-06-14 12:44:28,109 - 动漫巡礼更新器 - INFO - 测试动漫 3: ホリミヤ -piece-
2025-06-14 12:44:28,109 - 动漫巡礼更新器 - INFO - 测试动漫 4: 小市民シリーズ 2期
2025-06-14 12:44:28,109 - 动漫巡礼更新器 - INFO - 测试动漫 5: mono
2025-06-14 13:05:19,289 - 动漫巡礼更新器 - INFO - 每日更新成功完成，但未找到新数据
2025-06-15 12:40:50,893 - 动漫巡礼更新器 - INFO - 开始运行每日动漫巡礼更新器
2025-06-15 12:40:50,893 - 动漫巡礼更新器 - INFO - 运行 extract_apiid.py 来刷新 apiid.json
2025-06-15 12:40:51,099 - 动漫巡礼更新器 - INFO - 成功刷新 apiid.json
2025-06-15 12:40:51,600 - 动漫巡礼更新器 - INFO - 在运行完整爬虫之前测试动漫列表检索
2025-06-15 12:43:09,154 - 动漫巡礼更新器 - INFO - 测试运行中成功检索到 36 部动漫
2025-06-15 12:43:09,154 - 动漫巡礼更新器 - INFO - 测试动漫 1: 文豪ストレイドッグス3
2025-06-15 12:43:09,154 - 动漫巡礼更新器 - INFO - 测试动漫 2: 前橋ウィッチーズ
2025-06-15 12:43:09,154 - 动漫巡礼更新器 - INFO - 测试动漫 3: 小市民シリーズ 2期
2025-06-15 12:43:09,154 - 动漫巡礼更新器 - INFO - 测试动漫 4: ウマ娘 シンデレラグレイ
2025-06-15 12:43:09,154 - 动漫巡礼更新器 - INFO - 测试动漫 5: mono
2025-06-15 12:54:27,878 - 动漫巡礼更新器 - INFO - 每日更新成功完成，包含详细数据
2025-06-16 12:47:34,108 - 动漫巡礼更新器 - INFO - 开始运行每日动漫巡礼更新器
2025-06-16 12:47:34,108 - 动漫巡礼更新器 - INFO - 运行 extract_apiid.py 来刷新 apiid.json
2025-06-16 12:47:34,316 - 动漫巡礼更新器 - INFO - 成功刷新 apiid.json
2025-06-16 12:47:35,327 - 动漫巡礼更新器 - INFO - 在运行完整爬虫之前测试动漫列表检索
2025-06-16 12:49:52,161 - 动漫巡礼更新器 - INFO - 测试运行中成功检索到 36 部动漫
2025-06-16 12:49:52,161 - 动漫巡礼更新器 - INFO - 测试动漫 1: 前橋ウィッチーズ
2025-06-16 12:49:52,161 - 动漫巡礼更新器 - INFO - 测试动漫 2: ウマ娘 シンデレラグレイ
2025-06-16 12:49:52,161 - 动漫巡礼更新器 - INFO - 测试动漫 3: 文豪ストレイドッグス3
2025-06-16 12:49:52,161 - 动漫巡礼更新器 - INFO - 测试动漫 4: 小市民シリーズ 2期
2025-06-16 12:49:52,161 - 动漫巡礼更新器 - INFO - 测试动漫 5: mono
2025-06-16 13:01:01,304 - 动漫巡礼更新器 - INFO - 每日更新成功完成，但未找到新数据
2025-06-17 12:47:04,801 - 动漫巡礼更新器 - INFO - 开始运行每日动漫巡礼更新器
2025-06-17 12:47:04,801 - 动漫巡礼更新器 - INFO - 运行 extract_apiid.py 来刷新 apiid.json
2025-06-17 12:47:05,010 - 动漫巡礼更新器 - INFO - 成功刷新 apiid.json
2025-06-17 12:47:06,376 - 动漫巡礼更新器 - INFO - 在运行完整爬虫之前测试动漫列表检索
2025-06-17 12:49:23,718 - 动漫巡礼更新器 - INFO - 测试运行中成功检索到 36 部动漫
2025-06-17 12:49:23,718 - 动漫巡礼更新器 - INFO - 测试动漫 1: 前橋ウィッチーズ
2025-06-17 12:49:23,718 - 动漫巡礼更新器 - INFO - 测试动漫 2: ウマ娘 シンデレラグレイ
2025-06-17 12:49:23,718 - 动漫巡礼更新器 - INFO - 测试动漫 3: 文豪ストレイドッグス3
2025-06-17 12:49:23,718 - 动漫巡礼更新器 - INFO - 测试动漫 4: 小市民シリーズ 2期
2025-06-17 12:49:23,718 - 动漫巡礼更新器 - INFO - 测试动漫 5: mono
2025-06-17 13:00:28,690 - 动漫巡礼更新器 - INFO - 每日更新成功完成，但未找到新数据
2025-06-18 12:46:08,425 - 动漫巡礼更新器 - INFO - 开始运行每日动漫巡礼更新器
2025-06-18 12:46:08,425 - 动漫巡礼更新器 - INFO - 运行 extract_apiid.py 来刷新 apiid.json
2025-06-18 12:46:08,636 - 动漫巡礼更新器 - INFO - 成功刷新 apiid.json
2025-06-18 12:46:09,160 - 动漫巡礼更新器 - INFO - 在运行完整爬虫之前测试动漫列表检索
2025-06-18 12:48:26,133 - 动漫巡礼更新器 - INFO - 测试运行中成功检索到 36 部动漫
2025-06-18 12:48:26,133 - 动漫巡礼更新器 - INFO - 测试动漫 1: 前橋ウィッチーズ
2025-06-18 12:48:26,133 - 动漫巡礼更新器 - INFO - 测试动漫 2: ウマ娘 シンデレラグレイ
2025-06-18 12:48:26,133 - 动漫巡礼更新器 - INFO - 测试动漫 3: 文豪ストレイドッグス3
2025-06-18 12:48:26,133 - 动漫巡礼更新器 - INFO - 测试动漫 4: 小市民シリーズ 2期
2025-06-18 12:48:26,133 - 动漫巡礼更新器 - INFO - 测试动漫 5: mono
2025-06-18 12:59:32,873 - 动漫巡礼更新器 - INFO - 每日更新成功完成，但未找到新数据
2025-06-19 12:46:04,319 - 动漫巡礼更新器 - INFO - 开始运行每日动漫巡礼更新器
2025-06-19 12:46:04,319 - 动漫巡礼更新器 - INFO - 运行 extract_apiid.py 来刷新 apiid.json
2025-06-19 12:46:04,526 - 动漫巡礼更新器 - INFO - 成功刷新 apiid.json
2025-06-19 12:46:05,835 - 动漫巡礼更新器 - INFO - 在运行完整爬虫之前测试动漫列表检索
2025-06-19 12:48:22,837 - 动漫巡礼更新器 - INFO - 测试运行中成功检索到 36 部动漫
2025-06-19 12:48:22,837 - 动漫巡礼更新器 - INFO - 测试动漫 1: アポカリプスホテル
2025-06-19 12:48:22,837 - 动漫巡礼更新器 - INFO - 测试动漫 2: 前橋ウィッチーズ
2025-06-19 12:48:22,837 - 动漫巡礼更新器 - INFO - 测试动漫 3: ウマ娘 シンデレラグレイ
2025-06-19 12:48:22,837 - 动漫巡礼更新器 - INFO - 测试动漫 4: 文豪ストレイドッグス3
2025-06-19 12:48:22,837 - 动漫巡礼更新器 - INFO - 测试动漫 5: 小市民シリーズ 2期
2025-06-19 12:59:52,551 - 动漫巡礼更新器 - INFO - 每日更新成功完成，包含详细数据
2025-06-20 12:45:39,870 - 动漫巡礼更新器 - INFO - 开始运行每日动漫巡礼更新器
2025-06-20 12:45:39,870 - 动漫巡礼更新器 - INFO - 运行 extract_apiid.py 来刷新 apiid.json
2025-06-20 12:45:40,078 - 动漫巡礼更新器 - INFO - 成功刷新 apiid.json
2025-06-20 12:45:42,325 - 动漫巡礼更新器 - INFO - 在运行完整爬虫之前测试动漫列表检索
2025-06-20 12:47:59,489 - 动漫巡礼更新器 - INFO - 测试运行中成功检索到 36 部动漫
2025-06-20 12:47:59,489 - 动漫巡礼更新器 - INFO - 测试动漫 1: アポカリプスホテル
2025-06-20 12:47:59,489 - 动漫巡礼更新器 - INFO - 测试动漫 2: 前橋ウィッチーズ
2025-06-20 12:47:59,489 - 动漫巡礼更新器 - INFO - 测试动漫 3: ウマ娘 シンデレラグレイ
2025-06-20 12:47:59,489 - 动漫巡礼更新器 - INFO - 测试动漫 4: 文豪ストレイドッグス3
2025-06-20 12:47:59,489 - 动漫巡礼更新器 - INFO - 测试动漫 5: 小市民シリーズ 2期
2025-06-20 12:59:07,622 - 动漫巡礼更新器 - INFO - 每日更新成功完成，但未找到新数据
2025-06-21 12:41:44,889 - 动漫巡礼更新器 - INFO - 开始运行每日动漫巡礼更新器
2025-06-21 12:41:44,889 - 动漫巡礼更新器 - INFO - 运行 extract_apiid.py 来刷新 apiid.json
2025-06-21 12:41:45,095 - 动漫巡礼更新器 - INFO - 成功刷新 apiid.json
2025-06-21 12:41:46,545 - 动漫巡礼更新器 - INFO - 在运行完整爬虫之前测试动漫列表检索
2025-06-21 12:44:03,569 - 动漫巡礼更新器 - INFO - 测试运行中成功检索到 36 部动漫
2025-06-21 12:44:03,569 - 动漫巡礼更新器 - INFO - 测试动漫 1: アポカリプスホテル
2025-06-21 12:44:03,570 - 动漫巡礼更新器 - INFO - 测试动漫 2: 前橋ウィッチーズ
2025-06-21 12:44:03,570 - 动漫巡礼更新器 - INFO - 测试动漫 3: ウマ娘 シンデレラグレイ
2025-06-21 12:44:03,570 - 动漫巡礼更新器 - INFO - 测试动漫 4: 文豪ストレイドッグス3
2025-06-21 12:44:03,570 - 动漫巡礼更新器 - INFO - 测试动漫 5: 小市民シリーズ 2期
2025-06-21 12:55:08,997 - 动漫巡礼更新器 - INFO - 每日更新成功完成，包含详细数据
2025-06-22 12:41:46,039 - 动漫巡礼更新器 - INFO - 开始运行每日动漫巡礼更新器
2025-06-22 12:41:46,039 - 动漫巡礼更新器 - INFO - 运行 extract_apiid.py 来刷新 apiid.json
2025-06-22 12:41:46,247 - 动漫巡礼更新器 - INFO - 成功刷新 apiid.json
2025-06-22 12:41:47,607 - 动漫巡礼更新器 - INFO - 在运行完整爬虫之前测试动漫列表检索
2025-06-22 12:44:04,580 - 动漫巡礼更新器 - INFO - 测试运行中成功检索到 36 部动漫
2025-06-22 12:44:04,581 - 动漫巡礼更新器 - INFO - 测试动漫 1: アポカリプスホテル
2025-06-22 12:44:04,581 - 动漫巡礼更新器 - INFO - 测试动漫 2: 前橋ウィッチーズ
2025-06-22 12:44:04,581 - 动漫巡礼更新器 - INFO - 测试动漫 3: ウマ娘 シンデレラグレイ
2025-06-22 12:44:04,581 - 动漫巡礼更新器 - INFO - 测试动漫 4: 文豪ストレイドッグス3
2025-06-22 12:44:04,581 - 动漫巡礼更新器 - INFO - 测试动漫 5: 小市民シリーズ 2期
2025-06-22 12:55:22,871 - 动漫巡礼更新器 - INFO - 每日更新成功完成，包含详细数据
2025-06-23 12:47:12,204 - 动漫巡礼更新器 - INFO - 开始运行每日动漫巡礼更新器
2025-06-23 12:47:12,204 - 动漫巡礼更新器 - INFO - 运行 extract_apiid.py 来刷新 apiid.json
2025-06-23 12:47:12,417 - 动漫巡礼更新器 - INFO - 成功刷新 apiid.json
2025-06-23 12:47:14,591 - 动漫巡礼更新器 - INFO - 在运行完整爬虫之前测试动漫列表检索
2025-06-23 12:49:31,390 - 动漫巡礼更新器 - INFO - 测试运行中成功检索到 36 部动漫
2025-06-23 12:49:31,390 - 动漫巡礼更新器 - INFO - 测试动漫 1: 小市民シリーズ 2期
2025-06-23 12:49:31,390 - 动漫巡礼更新器 - INFO - 测试动漫 2: ウマ娘 プリティーダービー Season 2
2025-06-23 12:49:31,390 - 动漫巡礼更新器 - INFO - 测试动漫 3: ウマ娘 シンデレラグレイ
2025-06-23 12:49:31,390 - 动漫巡礼更新器 - INFO - 测试动漫 4: りゅうおうのおしごと!
2025-06-23 12:49:31,390 - 动漫巡礼更新器 - INFO - 测试动漫 5: mono
2025-06-23 13:00:19,200 - 动漫巡礼更新器 - INFO - 每日更新成功完成，包含详细数据
2025-06-24 12:46:43,753 - 动漫巡礼更新器 - INFO - 开始运行每日动漫巡礼更新器
2025-06-24 12:46:43,753 - 动漫巡礼更新器 - INFO - 运行 extract_apiid.py 来刷新 apiid.json
2025-06-24 12:46:43,963 - 动漫巡礼更新器 - INFO - 成功刷新 apiid.json
2025-06-24 12:46:45,357 - 动漫巡礼更新器 - INFO - 在运行完整爬虫之前测试动漫列表检索
2025-06-24 12:49:18,098 - 动漫巡礼更新器 - INFO - 测试运行中成功检索到 72 部动漫
2025-06-24 12:49:18,099 - 动漫巡礼更新器 - INFO - 测试动漫 1: 前橋ウィッチーズ
2025-06-24 12:49:18,099 - 动漫巡礼更新器 - INFO - 测试动漫 2: 小市民シリーズ 2期
2025-06-24 12:49:18,099 - 动漫巡礼更新器 - INFO - 测试动漫 3: ウマ娘 プリティーダービー Season 2
2025-06-24 12:49:18,099 - 动漫巡礼更新器 - INFO - 测试动漫 4: ウマ娘 シンデレラグレイ
2025-06-24 12:49:18,099 - 动漫巡礼更新器 - INFO - 测试动漫 5: りゅうおうのおしごと!
2025-06-24 13:06:37,598 - 动漫巡礼更新器 - INFO - 每日更新成功完成，但未找到新数据
2025-06-25 12:47:53,471 - 动漫巡礼更新器 - INFO - 开始运行每日动漫巡礼更新器
2025-06-25 12:47:53,472 - 动漫巡礼更新器 - INFO - 运行 extract_apiid.py 来刷新 apiid.json
2025-06-25 12:47:53,679 - 动漫巡礼更新器 - INFO - 成功刷新 apiid.json
2025-06-25 12:47:54,663 - 动漫巡礼更新器 - INFO - 在运行完整爬虫之前测试动漫列表检索
2025-06-25 12:50:28,650 - 动漫巡礼更新器 - INFO - 测试运行中成功检索到 72 部动漫
2025-06-25 12:50:28,651 - 动漫巡礼更新器 - INFO - 测试动漫 1: 前橋ウィッチーズ
2025-06-25 12:50:28,651 - 动漫巡礼更新器 - INFO - 测试动漫 2: 小市民シリーズ 2期
2025-06-25 12:50:28,651 - 动漫巡礼更新器 - INFO - 测试动漫 3: ウマ娘 プリティーダービー Season 2
2025-06-25 12:50:28,651 - 动漫巡礼更新器 - INFO - 测试动漫 4: ウマ娘 シンデレラグレイ
2025-06-25 12:50:28,651 - 动漫巡礼更新器 - INFO - 测试动漫 5: りゅうおうのおしごと!
2025-06-25 13:08:01,328 - 动漫巡礼更新器 - INFO - 每日更新成功完成，但未找到新数据
2025-06-26 12:47:12,865 - 动漫巡礼更新器 - INFO - 开始运行每日动漫巡礼更新器
2025-06-26 12:47:12,866 - 动漫巡礼更新器 - INFO - 运行 extract_apiid.py 来刷新 apiid.json
2025-06-26 12:47:13,071 - 动漫巡礼更新器 - INFO - 成功刷新 apiid.json
2025-06-26 12:47:14,605 - 动漫巡礼更新器 - INFO - 在运行完整爬虫之前测试动漫列表检索
2025-06-26 12:49:50,966 - 动漫巡礼更新器 - INFO - 测试运行中成功检索到 72 部动漫
2025-06-26 12:49:50,967 - 动漫巡礼更新器 - INFO - 测试动漫 1: 前橋ウィッチーズ
2025-06-26 12:49:50,967 - 动漫巡礼更新器 - INFO - 测试动漫 2: 小市民シリーズ 2期
2025-06-26 12:49:50,967 - 动漫巡礼更新器 - INFO - 测试动漫 3: ウマ娘 プリティーダービー Season 2
2025-06-26 12:49:50,967 - 动漫巡礼更新器 - INFO - 测试动漫 4: ウマ娘 シンデレラグレイ
2025-06-26 12:49:50,967 - 动漫巡礼更新器 - INFO - 测试动漫 5: りゅうおうのおしごと!
2025-06-26 13:07:07,992 - 动漫巡礼更新器 - INFO - 每日更新成功完成，但未找到新数据
2025-06-27 12:44:32,311 - 动漫巡礼更新器 - INFO - 开始运行每日动漫巡礼更新器
2025-06-27 12:44:32,311 - 动漫巡礼更新器 - INFO - 运行 extract_apiid.py 来刷新 apiid.json
2025-06-27 12:44:32,515 - 动漫巡礼更新器 - INFO - 成功刷新 apiid.json
2025-06-27 12:44:33,824 - 动漫巡礼更新器 - INFO - 在运行完整爬虫之前测试动漫列表检索
2025-06-27 12:47:07,582 - 动漫巡礼更新器 - INFO - 测试运行中成功检索到 72 部动漫
2025-06-27 12:47:07,582 - 动漫巡礼更新器 - INFO - 测试动漫 1: 前橋ウィッチーズ
2025-06-27 12:47:07,582 - 动漫巡礼更新器 - INFO - 测试动漫 2: 小市民シリーズ 2期
2025-06-27 12:47:07,582 - 动漫巡礼更新器 - INFO - 测试动漫 3: ウマ娘 プリティーダービー Season 2
2025-06-27 12:47:07,582 - 动漫巡礼更新器 - INFO - 测试动漫 4: ウマ娘 シンデレラグレイ
2025-06-27 12:47:07,582 - 动漫巡礼更新器 - INFO - 测试动漫 5: りゅうおうのおしごと!
2025-06-27 13:04:28,587 - 动漫巡礼更新器 - INFO - 每日更新成功完成，但未找到新数据
2025-06-28 12:42:04,572 - 动漫巡礼更新器 - INFO - 开始运行每日动漫巡礼更新器
2025-06-28 12:42:04,572 - 动漫巡礼更新器 - INFO - 运行 extract_apiid.py 来刷新 apiid.json
2025-06-28 12:42:04,777 - 动漫巡礼更新器 - INFO - 成功刷新 apiid.json
2025-06-28 12:42:06,620 - 动漫巡礼更新器 - INFO - 在运行完整爬虫之前测试动漫列表检索
2025-06-28 12:44:40,174 - 动漫巡礼更新器 - INFO - 测试运行中成功检索到 72 部动漫
2025-06-28 12:44:40,175 - 动漫巡礼更新器 - INFO - 测试动漫 1: 前橋ウィッチーズ
2025-06-28 12:44:40,175 - 动漫巡礼更新器 - INFO - 测试动漫 2: 小市民シリーズ 2期
2025-06-28 12:44:40,175 - 动漫巡礼更新器 - INFO - 测试动漫 3: ウマ娘 プリティーダービー Season 2
2025-06-28 12:44:40,175 - 动漫巡礼更新器 - INFO - 测试动漫 4: ウマ娘 シンデレラグレイ
2025-06-28 12:44:40,175 - 动漫巡礼更新器 - INFO - 测试动漫 5: りゅうおうのおしごと!
2025-06-28 13:01:57,812 - 动漫巡礼更新器 - INFO - 每日更新成功完成，但未找到新数据
2025-06-29 12:41:43,337 - 动漫巡礼更新器 - INFO - 开始运行每日动漫巡礼更新器
2025-06-29 12:41:43,337 - 动漫巡礼更新器 - INFO - 运行 extract_apiid.py 来刷新 apiid.json
2025-06-29 12:41:43,541 - 动漫巡礼更新器 - INFO - 成功刷新 apiid.json
2025-06-29 12:41:46,764 - 动漫巡礼更新器 - INFO - 在运行完整爬虫之前测试动漫列表检索
2025-06-29 12:44:21,415 - 动漫巡礼更新器 - INFO - 测试运行中成功检索到 72 部动漫
2025-06-29 12:44:21,416 - 动漫巡礼更新器 - INFO - 测试动漫 1: 前橋ウィッチーズ
2025-06-29 12:44:21,416 - 动漫巡礼更新器 - INFO - 测试动漫 2: 小市民シリーズ 2期
2025-06-29 12:44:21,416 - 动漫巡礼更新器 - INFO - 测试动漫 3: ウマ娘 プリティーダービー Season 2
2025-06-29 12:44:21,416 - 动漫巡礼更新器 - INFO - 测试动漫 4: ウマ娘 シンデレラグレイ
2025-06-29 12:44:21,416 - 动漫巡礼更新器 - INFO - 测试动漫 5: りゅうおうのおしごと!
2025-06-29 13:01:30,147 - 动漫巡礼更新器 - INFO - 每日更新成功完成，但未找到新数据
2025-06-30 12:46:25,380 - 动漫巡礼更新器 - INFO - 开始运行每日动漫巡礼更新器
2025-06-30 12:46:25,381 - 动漫巡礼更新器 - INFO - 运行 extract_apiid.py 来刷新 apiid.json
2025-06-30 12:46:25,584 - 动漫巡礼更新器 - INFO - 成功刷新 apiid.json
2025-06-30 12:46:27,410 - 动漫巡礼更新器 - INFO - 在运行完整爬虫之前测试动漫列表检索
2025-06-30 12:49:00,885 - 动漫巡礼更新器 - INFO - 测试运行中成功检索到 72 部动漫
2025-06-30 12:49:00,885 - 动漫巡礼更新器 - INFO - 测试动漫 1: 前橋ウィッチーズ
2025-06-30 12:49:00,885 - 动漫巡礼更新器 - INFO - 测试动漫 2: 小市民シリーズ 2期
2025-06-30 12:49:00,885 - 动漫巡礼更新器 - INFO - 测试动漫 3: ウマ娘 プリティーダービー Season 2
2025-06-30 12:49:00,885 - 动漫巡礼更新器 - INFO - 测试动漫 4: ウマ娘 シンデレラグレイ
2025-06-30 12:49:00,886 - 动漫巡礼更新器 - INFO - 测试动漫 5: りゅうおうのおしごと!
2025-06-30 13:06:17,222 - 动漫巡礼更新器 - INFO - 每日更新成功完成，但未找到新数据
2025-07-01 12:46:01,621 - 动漫巡礼更新器 - INFO - 开始运行每日动漫巡礼更新器
2025-07-01 12:46:01,622 - 动漫巡礼更新器 - INFO - 运行 extract_apiid.py 来刷新 apiid.json
2025-07-01 12:46:01,826 - 动漫巡礼更新器 - INFO - 成功刷新 apiid.json
2025-07-01 12:46:02,725 - 动漫巡礼更新器 - INFO - 在运行完整爬虫之前测试动漫列表检索
2025-07-01 12:48:34,920 - 动漫巡礼更新器 - INFO - 测试运行中成功检索到 72 部动漫
2025-07-01 12:48:34,920 - 动漫巡礼更新器 - INFO - 测试动漫 1: ウィッチウォッチ
2025-07-01 12:48:34,921 - 动漫巡礼更新器 - INFO - 测试动漫 2: 中二病でも恋がしたい!
2025-07-01 12:48:34,921 - 动漫巡礼更新器 - INFO - 测试动漫 3: 真･侍伝 YAIBA
2025-07-01 12:48:34,921 - 动漫巡礼更新器 - INFO - 测试动漫 4: ウマ娘 シンデレラグレイ
2025-07-01 12:48:34,921 - 动漫巡礼更新器 - INFO - 测试动漫 5: mono
2025-07-01 13:05:56,625 - 动漫巡礼更新器 - INFO - 每日更新成功完成，包含详细数据
2025-07-02 12:46:09,436 - 动漫巡礼更新器 - INFO - 开始运行每日动漫巡礼更新器
2025-07-02 12:46:09,436 - 动漫巡礼更新器 - INFO - 运行 extract_apiid.py 来刷新 apiid.json
2025-07-02 12:46:09,660 - 动漫巡礼更新器 - INFO - 成功刷新 apiid.json
2025-07-02 12:46:10,722 - 动漫巡礼更新器 - INFO - 在运行完整爬虫之前测试动漫列表检索
2025-07-02 12:48:44,619 - 动漫巡礼更新器 - INFO - 测试运行中成功检索到 72 部动漫
2025-07-02 12:48:44,619 - 动漫巡礼更新器 - INFO - 测试动漫 1: ウィッチウォッチ
2025-07-02 12:48:44,619 - 动漫巡礼更新器 - INFO - 测试动漫 2: 中二病でも恋がしたい!
2025-07-02 12:48:44,620 - 动漫巡礼更新器 - INFO - 测试动漫 3: 真･侍伝 YAIBA
2025-07-02 12:48:44,620 - 动漫巡礼更新器 - INFO - 测试动漫 4: ウマ娘 シンデレラグレイ
2025-07-02 12:48:44,620 - 动漫巡礼更新器 - INFO - 测试动漫 5: mono
2025-07-02 13:05:55,711 - 动漫巡礼更新器 - INFO - 每日更新成功完成，但未找到新数据
2025-07-03 12:51:32,216 - 动漫巡礼更新器 - INFO - 开始运行每日动漫巡礼更新器
2025-07-03 12:51:32,216 - 动漫巡礼更新器 - INFO - 运行 extract_apiid.py 来刷新 apiid.json
2025-07-03 12:51:32,429 - 动漫巡礼更新器 - INFO - 成功刷新 apiid.json
2025-07-03 12:51:33,553 - 动漫巡礼更新器 - INFO - 在运行完整爬虫之前测试动漫列表检索
2025-07-03 12:54:06,841 - 动漫巡礼更新器 - INFO - 测试运行中成功检索到 72 部动漫
2025-07-03 12:54:06,841 - 动漫巡礼更新器 - INFO - 测试动漫 1: ウィッチウォッチ
2025-07-03 12:54:06,841 - 动漫巡礼更新器 - INFO - 测试动漫 2: 中二病でも恋がしたい!
2025-07-03 12:54:06,841 - 动漫巡礼更新器 - INFO - 测试动漫 3: 真･侍伝 YAIBA
2025-07-03 12:54:06,841 - 动漫巡礼更新器 - INFO - 测试动漫 4: ウマ娘 シンデレラグレイ
2025-07-03 12:54:06,841 - 动漫巡礼更新器 - INFO - 测试动漫 5: mono
2025-07-03 13:10:58,356 - 动漫巡礼更新器 - INFO - 每日更新成功完成，但未找到新数据
2025-07-04 12:45:42,781 - 动漫巡礼更新器 - INFO - 开始运行每日动漫巡礼更新器
2025-07-04 12:45:42,782 - 动漫巡礼更新器 - INFO - 运行 extract_apiid.py 来刷新 apiid.json
2025-07-04 12:45:42,983 - 动漫巡礼更新器 - INFO - 成功刷新 apiid.json
2025-07-04 12:45:43,987 - 动漫巡礼更新器 - INFO - 在运行完整爬虫之前测试动漫列表检索
2025-07-04 12:48:17,107 - 动漫巡礼更新器 - INFO - 测试运行中成功检索到 72 部动漫
2025-07-04 12:48:17,108 - 动漫巡礼更新器 - INFO - 测试动漫 1: ウィッチウォッチ
2025-07-04 12:48:17,108 - 动漫巡礼更新器 - INFO - 测试动漫 2: 中二病でも恋がしたい!
2025-07-04 12:48:17,108 - 动漫巡礼更新器 - INFO - 测试动漫 3: 真･侍伝 YAIBA
2025-07-04 12:48:17,108 - 动漫巡礼更新器 - INFO - 测试动漫 4: ウマ娘 シンデレラグレイ
2025-07-04 12:48:17,108 - 动漫巡礼更新器 - INFO - 测试动漫 5: mono
2025-07-04 13:05:11,698 - 动漫巡礼更新器 - INFO - 每日更新成功完成，但未找到新数据
2025-07-05 12:41:27,243 - 动漫巡礼更新器 - INFO - 开始运行每日动漫巡礼更新器
2025-07-05 12:41:27,243 - 动漫巡礼更新器 - INFO - 运行 extract_apiid.py 来刷新 apiid.json
2025-07-05 12:41:27,450 - 动漫巡礼更新器 - INFO - 成功刷新 apiid.json
2025-07-05 12:41:28,463 - 动漫巡礼更新器 - INFO - 在运行完整爬虫之前测试动漫列表检索
2025-07-05 12:44:01,759 - 动漫巡礼更新器 - INFO - 测试运行中成功检索到 72 部动漫
2025-07-05 12:44:01,759 - 动漫巡礼更新器 - INFO - 测试动漫 1: ウィッチウォッチ
2025-07-05 12:44:01,759 - 动漫巡礼更新器 - INFO - 测试动漫 2: 中二病でも恋がしたい!
2025-07-05 12:44:01,759 - 动漫巡礼更新器 - INFO - 测试动漫 3: 真･侍伝 YAIBA
2025-07-05 12:44:01,759 - 动漫巡礼更新器 - INFO - 测试动漫 4: ウマ娘 シンデレラグレイ
2025-07-05 12:44:01,759 - 动漫巡礼更新器 - INFO - 测试动漫 5: mono
2025-07-05 13:00:59,954 - 动漫巡礼更新器 - INFO - 每日更新成功完成，但未找到新数据
2025-07-06 12:42:53,334 - 动漫巡礼更新器 - INFO - 开始运行每日动漫巡礼更新器
2025-07-06 12:42:53,334 - 动漫巡礼更新器 - INFO - 运行 extract_apiid.py 来刷新 apiid.json
2025-07-06 12:42:53,538 - 动漫巡礼更新器 - INFO - 成功刷新 apiid.json
2025-07-06 12:42:54,964 - 动漫巡礼更新器 - INFO - 在运行完整爬虫之前测试动漫列表检索
2025-07-06 12:45:28,154 - 动漫巡礼更新器 - INFO - 测试运行中成功检索到 72 部动漫
2025-07-06 12:45:28,154 - 动漫巡礼更新器 - INFO - 测试动漫 1: ウィッチウォッチ
2025-07-06 12:45:28,154 - 动漫巡礼更新器 - INFO - 测试动漫 2: 中二病でも恋がしたい!
2025-07-06 12:45:28,154 - 动漫巡礼更新器 - INFO - 测试动漫 3: 真･侍伝 YAIBA
2025-07-06 12:45:28,154 - 动漫巡礼更新器 - INFO - 测试动漫 4: ウマ娘 シンデレラグレイ
2025-07-06 12:45:28,154 - 动漫巡礼更新器 - INFO - 测试动漫 5: mono
2025-07-06 13:02:16,217 - 动漫巡礼更新器 - INFO - 每日更新成功完成，但未找到新数据
2025-07-07 12:46:51,014 - 动漫巡礼更新器 - INFO - 开始运行每日动漫巡礼更新器
2025-07-07 12:46:51,014 - 动漫巡礼更新器 - INFO - 运行 extract_apiid.py 来刷新 apiid.json
2025-07-07 12:46:51,218 - 动漫巡礼更新器 - INFO - 成功刷新 apiid.json
2025-07-07 12:46:53,022 - 动漫巡礼更新器 - INFO - 在运行完整爬虫之前测试动漫列表检索
2025-07-07 12:49:26,669 - 动漫巡礼更新器 - INFO - 测试运行中成功检索到 72 部动漫
2025-07-07 12:49:26,669 - 动漫巡礼更新器 - INFO - 测试动漫 1: ウィッチウォッチ
2025-07-07 12:49:26,669 - 动漫巡礼更新器 - INFO - 测试动漫 2: 中二病でも恋がしたい!
2025-07-07 12:49:26,669 - 动漫巡礼更新器 - INFO - 测试动漫 3: 真･侍伝 YAIBA
2025-07-07 12:49:26,669 - 动漫巡礼更新器 - INFO - 测试动漫 4: ウマ娘 シンデレラグレイ
2025-07-07 12:49:26,669 - 动漫巡礼更新器 - INFO - 测试动漫 5: mono
2025-07-07 13:06:17,734 - 动漫巡礼更新器 - INFO - 每日更新成功完成，但未找到新数据
2025-07-08 12:47:10,750 - 动漫巡礼更新器 - INFO - 开始运行每日动漫巡礼更新器
2025-07-08 12:47:10,750 - 动漫巡礼更新器 - INFO - 运行 extract_apiid.py 来刷新 apiid.json
2025-07-08 12:47:10,956 - 动漫巡礼更新器 - INFO - 成功刷新 apiid.json
2025-07-08 12:47:12,030 - 动漫巡礼更新器 - INFO - 在运行完整爬虫之前测试动漫列表检索
2025-07-08 12:49:45,604 - 动漫巡礼更新器 - INFO - 测试运行中成功检索到 72 部动漫
2025-07-08 12:49:45,604 - 动漫巡礼更新器 - INFO - 测试动漫 1: ダンダダン 2期
2025-07-08 12:49:45,604 - 动漫巡礼更新器 - INFO - 测试动漫 2: 彼女、お借りします 4期
2025-07-08 12:49:45,604 - 动漫巡礼更新器 - INFO - 测试动漫 3: よふかしのうた Season 2
2025-07-08 12:49:45,604 - 动漫巡礼更新器 - INFO - 测试动漫 4: ウィッチウォッチ
2025-07-08 12:49:45,604 - 动漫巡礼更新器 - INFO - 测试动漫 5: 中二病でも恋がしたい!
2025-07-08 13:06:46,023 - 动漫巡礼更新器 - INFO - 每日更新成功完成，包含详细数据
2025-07-09 12:47:18,306 - 动漫巡礼更新器 - INFO - 开始运行每日动漫巡礼更新器
2025-07-09 12:47:18,307 - 动漫巡礼更新器 - INFO - 运行 extract_apiid.py 来刷新 apiid.json
2025-07-09 12:47:18,516 - 动漫巡礼更新器 - INFO - 成功刷新 apiid.json
2025-07-09 12:47:21,723 - 动漫巡礼更新器 - INFO - 在运行完整爬虫之前测试动漫列表检索
2025-07-09 12:49:54,994 - 动漫巡礼更新器 - INFO - 测试运行中成功检索到 72 部动漫
2025-07-09 12:49:54,994 - 动漫巡礼更新器 - INFO - 测试动漫 1: ダンダダン 2期
2025-07-09 12:49:54,994 - 动漫巡礼更新器 - INFO - 测试动漫 2: 彼女、お借りします 4期
2025-07-09 12:49:54,994 - 动漫巡礼更新器 - INFO - 测试动漫 3: よふかしのうた Season 2
2025-07-09 12:49:54,994 - 动漫巡礼更新器 - INFO - 测试动漫 4: ウィッチウォッチ
2025-07-09 12:49:54,994 - 动漫巡礼更新器 - INFO - 测试动漫 5: 中二病でも恋がしたい!
2025-07-09 13:06:51,187 - 动漫巡礼更新器 - INFO - 每日更新成功完成，但未找到新数据
2025-07-10 12:47:39,899 - 动漫巡礼更新器 - INFO - 开始运行每日动漫巡礼更新器
2025-07-10 12:47:39,900 - 动漫巡礼更新器 - INFO - 运行 extract_apiid.py 来刷新 apiid.json
2025-07-10 12:47:40,107 - 动漫巡礼更新器 - INFO - 成功刷新 apiid.json
2025-07-10 12:47:41,414 - 动漫巡礼更新器 - INFO - 在运行完整爬虫之前测试动漫列表检索
2025-07-10 12:50:14,494 - 动漫巡礼更新器 - INFO - 测试运行中成功检索到 72 部动漫
2025-07-10 12:50:14,494 - 动漫巡礼更新器 - INFO - 测试动漫 1: ダンダダン 2期
2025-07-10 12:50:14,494 - 动漫巡礼更新器 - INFO - 测试动漫 2: 彼女、お借りします 4期
2025-07-10 12:50:14,494 - 动漫巡礼更新器 - INFO - 测试动漫 3: よふかしのうた Season 2
2025-07-10 12:50:14,494 - 动漫巡礼更新器 - INFO - 测试动漫 4: ウィッチウォッチ
2025-07-10 12:50:14,494 - 动漫巡礼更新器 - INFO - 测试动漫 5: 中二病でも恋がしたい!
2025-07-10 13:07:13,008 - 动漫巡礼更新器 - INFO - 每日更新成功完成，但未找到新数据
2025-07-11 12:45:45,470 - 动漫巡礼更新器 - INFO - 开始运行每日动漫巡礼更新器
2025-07-11 12:45:45,470 - 动漫巡礼更新器 - INFO - 运行 extract_apiid.py 来刷新 apiid.json
2025-07-11 12:45:45,686 - 动漫巡礼更新器 - INFO - 成功刷新 apiid.json
2025-07-11 12:45:46,773 - 动漫巡礼更新器 - INFO - 在运行完整爬虫之前测试动漫列表检索
2025-07-11 12:48:20,367 - 动漫巡礼更新器 - INFO - 测试运行中成功检索到 72 部动漫
2025-07-11 12:48:20,367 - 动漫巡礼更新器 - INFO - 测试动漫 1: 光が死んだ夏
2025-07-11 12:48:20,367 - 动漫巡礼更新器 - INFO - 测试动漫 2: 青春ブタ野郎はサンタクロースの夢を見ない
2025-07-11 12:48:20,367 - 动漫巡礼更新器 - INFO - 测试动漫 3: その着せ替え人形は恋をする Season 2
2025-07-11 12:48:20,367 - 动漫巡礼更新器 - INFO - 测试动漫 4: ダンダダン 2期
2025-07-11 12:48:20,367 - 动漫巡礼更新器 - INFO - 测试动漫 5: 彼女、お借りします 4期
2025-07-11 13:06:37,493 - 动漫巡礼更新器 - INFO - 每日更新成功完成，包含详细数据
2025-07-12 12:42:36,374 - 动漫巡礼更新器 - INFO - 开始运行每日动漫巡礼更新器
2025-07-12 12:42:36,375 - 动漫巡礼更新器 - INFO - 运行 extract_apiid.py 来刷新 apiid.json
2025-07-12 12:42:36,577 - 动漫巡礼更新器 - INFO - 成功刷新 apiid.json
2025-07-12 12:42:52,651 - 动漫巡礼更新器 - INFO - 在运行完整爬虫之前测试动漫列表检索
2025-07-12 12:45:18,979 - 动漫巡礼更新器 - INFO - 测试运行中成功检索到 72 部动漫
2025-07-12 12:45:18,979 - 动漫巡礼更新器 - INFO - 测试动漫 1: 光が死んだ夏
2025-07-12 12:45:18,979 - 动漫巡礼更新器 - INFO - 测试动漫 2: 青春ブタ野郎はサンタクロースの夢を見ない
2025-07-12 12:45:18,979 - 动漫巡礼更新器 - INFO - 测试动漫 3: その着せ替え人形は恋をする Season 2
2025-07-12 12:45:18,979 - 动漫巡礼更新器 - INFO - 测试动漫 4: ダンダダン 2期
2025-07-12 12:45:18,979 - 动漫巡礼更新器 - INFO - 测试动漫 5: 彼女、お借りします 4期
2025-07-12 13:02:42,755 - 动漫巡礼更新器 - INFO - 每日更新成功完成，但未找到新数据
2025-07-13 12:42:45,242 - 动漫巡礼更新器 - INFO - 开始运行每日动漫巡礼更新器
2025-07-13 12:42:45,242 - 动漫巡礼更新器 - INFO - 运行 extract_apiid.py 来刷新 apiid.json
2025-07-13 12:42:45,448 - 动漫巡礼更新器 - INFO - 成功刷新 apiid.json
2025-07-13 12:42:50,749 - 动漫巡礼更新器 - INFO - 在运行完整爬虫之前测试动漫列表检索
2025-07-13 12:45:23,564 - 动漫巡礼更新器 - INFO - 测试运行中成功检索到 72 部动漫
2025-07-13 12:45:23,564 - 动漫巡礼更新器 - INFO - 测试动漫 1: 光が死んだ夏
2025-07-13 12:45:23,564 - 动漫巡礼更新器 - INFO - 测试动漫 2: 青春ブタ野郎はサンタクロースの夢を見ない
2025-07-13 12:45:23,564 - 动漫巡礼更新器 - INFO - 测试动漫 3: その着せ替え人形は恋をする Season 2
2025-07-13 12:45:23,564 - 动漫巡礼更新器 - INFO - 测试动漫 4: ダンダダン 2期
2025-07-13 12:45:23,564 - 动漫巡礼更新器 - INFO - 测试动漫 5: 彼女、お借りします 4期
2025-07-13 13:02:46,952 - 动漫巡礼更新器 - INFO - 每日更新成功完成，但未找到新数据
2025-07-14 12:48:39,162 - 动漫巡礼更新器 - INFO - 开始运行每日动漫巡礼更新器
2025-07-14 12:48:39,162 - 动漫巡礼更新器 - INFO - 运行 extract_apiid.py 来刷新 apiid.json
2025-07-14 12:48:39,364 - 动漫巡礼更新器 - INFO - 成功刷新 apiid.json
2025-07-14 12:48:44,869 - 动漫巡礼更新器 - INFO - 在运行完整爬虫之前测试动漫列表检索
2025-07-14 12:51:17,813 - 动漫巡礼更新器 - INFO - 测试运行中成功检索到 72 部动漫
2025-07-14 12:51:17,813 - 动漫巡礼更新器 - INFO - 测试动漫 1: 光が死んだ夏
2025-07-14 12:51:17,813 - 动漫巡礼更新器 - INFO - 测试动漫 2: 青春ブタ野郎はサンタクロースの夢を見ない
2025-07-14 12:51:17,813 - 动漫巡礼更新器 - INFO - 测试动漫 3: その着せ替え人形は恋をする Season 2
2025-07-14 12:51:17,814 - 动漫巡礼更新器 - INFO - 测试动漫 4: ダンダダン 2期
2025-07-14 12:51:17,814 - 动漫巡礼更新器 - INFO - 测试动漫 5: 彼女、お借りします 4期
2025-07-14 13:08:41,474 - 动漫巡礼更新器 - INFO - 每日更新成功完成，但未找到新数据
2025-07-15 12:49:20,428 - 动漫巡礼更新器 - INFO - 开始运行每日动漫巡礼更新器
2025-07-15 12:49:20,428 - 动漫巡礼更新器 - INFO - 运行 extract_apiid.py 来刷新 apiid.json
2025-07-15 12:49:20,631 - 动漫巡礼更新器 - INFO - 成功刷新 apiid.json
2025-07-15 12:49:40,045 - 动漫巡礼更新器 - INFO - 在运行完整爬虫之前测试动漫列表检索
2025-07-15 12:52:15,258 - 动漫巡礼更新器 - INFO - 测试运行中成功检索到 72 部动漫
2025-07-15 12:52:15,258 - 动漫巡礼更新器 - INFO - 测试动漫 1: 光が死んだ夏
2025-07-15 12:52:15,258 - 动漫巡礼更新器 - INFO - 测试动漫 2: 青春ブタ野郎はサンタクロースの夢を見ない
2025-07-15 12:52:15,258 - 动漫巡礼更新器 - INFO - 测试动漫 3: その着せ替え人形は恋をする Season 2
2025-07-15 12:52:15,258 - 动漫巡礼更新器 - INFO - 测试动漫 4: ダンダダン 2期
2025-07-15 12:52:15,258 - 动漫巡礼更新器 - INFO - 测试动漫 5: 彼女、お借りします 4期
2025-07-15 13:10:07,768 - 动漫巡礼更新器 - INFO - 每日更新成功完成，但未找到新数据
2025-07-16 12:50:29,990 - 动漫巡礼更新器 - INFO - 开始运行每日动漫巡礼更新器
2025-07-16 12:50:29,990 - 动漫巡礼更新器 - INFO - 运行 extract_apiid.py 来刷新 apiid.json
2025-07-16 12:50:30,193 - 动漫巡礼更新器 - INFO - 成功刷新 apiid.json
2025-07-16 12:50:31,105 - 动漫巡礼更新器 - INFO - 在运行完整爬虫之前测试动漫列表检索
2025-07-16 12:53:03,755 - 动漫巡礼更新器 - INFO - 测试运行中成功检索到 72 部动漫
2025-07-16 12:53:03,755 - 动漫巡礼更新器 - INFO - 测试动漫 1: Turkey!
2025-07-16 12:53:03,755 - 动漫巡礼更新器 - INFO - 测试动漫 2: 彼女、お借りします 4期
2025-07-16 12:53:03,756 - 动漫巡礼更新器 - INFO - 测试动漫 3: ぐらんぶる Season 2
2025-07-16 12:53:03,756 - 动漫巡礼更新器 - INFO - 测试动漫 4: 薫る花は凛と咲く
2025-07-16 12:53:03,756 - 动漫巡礼更新器 - INFO - 测试动漫 5: Summer Pockets
2025-07-16 13:11:05,937 - 动漫巡礼更新器 - INFO - 每日更新成功完成，包含详细数据
2025-07-26 12:44:16,884 - 动漫巡礼更新器 - INFO - 开始运行每日动漫巡礼更新器
2025-07-26 12:44:16,884 - 动漫巡礼更新器 - INFO - 运行 extract_apiid.py 来刷新 apiid.json
2025-07-26 12:44:17,087 - 动漫巡礼更新器 - INFO - 成功刷新 apiid.json
2025-07-26 12:44:18,945 - 动漫巡礼更新器 - INFO - 在运行完整爬虫之前测试动漫列表检索
2025-07-26 12:46:51,398 - 动漫巡礼更新器 - INFO - 测试运行中成功检索到 72 部动漫
2025-07-26 12:46:51,398 - 动漫巡礼更新器 - INFO - 测试动漫 1: 光が死んだ夏
2025-07-26 12:46:51,398 - 动漫巡礼更新器 - INFO - 测试动漫 2: 真･侍伝 YAIBA
2025-07-26 12:46:51,398 - 动漫巡礼更新器 - INFO - 测试动漫 3: 青春ブタ野郎はサンタクロースの夢を見ない
2025-07-26 12:46:51,398 - 动漫巡礼更新器 - INFO - 测试动漫 4: よふかしのうた Season 2
2025-07-26 12:46:51,398 - 动漫巡礼更新器 - INFO - 测试动漫 5: 薫る花は凛と咲く
2025-07-26 13:05:08,930 - 动漫巡礼更新器 - INFO - 每日更新成功完成，包含详细数据
2025-07-27 12:45:14,980 - 动漫巡礼更新器 - INFO - 开始运行每日动漫巡礼更新器
2025-07-27 12:45:14,980 - 动漫巡礼更新器 - INFO - 运行 extract_apiid.py 来刷新 apiid.json
2025-07-27 12:45:15,187 - 动漫巡礼更新器 - INFO - 成功刷新 apiid.json
2025-07-27 12:45:16,113 - 动漫巡礼更新器 - INFO - 在运行完整爬虫之前测试动漫列表检索
2025-07-27 12:47:48,237 - 动漫巡礼更新器 - INFO - 测试运行中成功检索到 72 部动漫
2025-07-27 12:47:48,237 - 动漫巡礼更新器 - INFO - 测试动漫 1: 光が死んだ夏
2025-07-27 12:47:48,237 - 动漫巡礼更新器 - INFO - 测试动漫 2: 真･侍伝 YAIBA
2025-07-27 12:47:48,237 - 动漫巡礼更新器 - INFO - 测试动漫 3: 青春ブタ野郎はサンタクロースの夢を見ない
2025-07-27 12:47:48,237 - 动漫巡礼更新器 - INFO - 测试动漫 4: よふかしのうた Season 2
2025-07-27 12:47:48,237 - 动漫巡礼更新器 - INFO - 测试动漫 5: 薫る花は凛と咲く
2025-07-27 13:05:32,537 - 动漫巡礼更新器 - INFO - 每日更新成功完成，但未找到新数据
2025-07-28 12:51:42,373 - 动漫巡礼更新器 - INFO - 开始运行每日动漫巡礼更新器
2025-07-28 12:51:42,373 - 动漫巡礼更新器 - INFO - 运行 extract_apiid.py 来刷新 apiid.json
2025-07-28 12:51:42,577 - 动漫巡礼更新器 - INFO - 成功刷新 apiid.json
2025-07-28 12:51:45,111 - 动漫巡礼更新器 - INFO - 在运行完整爬虫之前测试动漫列表检索
2025-07-28 12:54:16,963 - 动漫巡礼更新器 - INFO - 测试运行中成功检索到 72 部动漫
2025-07-28 12:54:16,963 - 动漫巡礼更新器 - INFO - 测试动漫 1: 光が死んだ夏
2025-07-28 12:54:16,963 - 动漫巡礼更新器 - INFO - 测试动漫 2: 真･侍伝 YAIBA
2025-07-28 12:54:16,963 - 动漫巡礼更新器 - INFO - 测试动漫 3: 青春ブタ野郎はサンタクロースの夢を見ない
2025-07-28 12:54:16,963 - 动漫巡礼更新器 - INFO - 测试动漫 4: よふかしのうた Season 2
2025-07-28 12:54:16,963 - 动漫巡礼更新器 - INFO - 测试动漫 5: 薫る花は凛と咲く
2025-07-28 13:11:54,715 - 动漫巡礼更新器 - INFO - 每日更新成功完成，但未找到新数据
2025-07-29 12:51:49,097 - 动漫巡礼更新器 - INFO - 开始运行每日动漫巡礼更新器
2025-07-29 12:51:49,097 - 动漫巡礼更新器 - INFO - 运行 extract_apiid.py 来刷新 apiid.json
2025-07-29 12:51:49,304 - 动漫巡礼更新器 - INFO - 成功刷新 apiid.json
2025-07-29 12:51:50,374 - 动漫巡礼更新器 - INFO - 在运行完整爬虫之前测试动漫列表检索
2025-07-29 12:54:23,768 - 动漫巡礼更新器 - INFO - 测试运行中成功检索到 72 部动漫
2025-07-29 12:54:23,768 - 动漫巡礼更新器 - INFO - 测试动漫 1: 光が死んだ夏
2025-07-29 12:54:23,768 - 动漫巡礼更新器 - INFO - 测试动漫 2: 真･侍伝 YAIBA
2025-07-29 12:54:23,768 - 动漫巡礼更新器 - INFO - 测试动漫 3: 青春ブタ野郎はサンタクロースの夢を見ない
2025-07-29 12:54:23,769 - 动漫巡礼更新器 - INFO - 测试动漫 4: よふかしのうた Season 2
2025-07-29 12:54:23,769 - 动漫巡礼更新器 - INFO - 测试动漫 5: 薫る花は凛と咲く
2025-07-29 13:12:02,430 - 动漫巡礼更新器 - INFO - 每日更新成功完成，但未找到新数据
2025-07-30 12:52:19,417 - 动漫巡礼更新器 - INFO - 开始运行每日动漫巡礼更新器
2025-07-30 12:52:19,417 - 动漫巡礼更新器 - INFO - 运行 extract_apiid.py 来刷新 apiid.json
2025-07-30 12:52:19,621 - 动漫巡礼更新器 - INFO - 成功刷新 apiid.json
2025-07-30 12:52:21,113 - 动漫巡礼更新器 - INFO - 在运行完整爬虫之前测试动漫列表检索
2025-07-30 12:54:53,307 - 动漫巡礼更新器 - INFO - 测试运行中成功检索到 72 部动漫
2025-07-30 12:54:53,307 - 动漫巡礼更新器 - INFO - 测试动漫 1: 光が死んだ夏
2025-07-30 12:54:53,307 - 动漫巡礼更新器 - INFO - 测试动漫 2: 真･侍伝 YAIBA
2025-07-30 12:54:53,307 - 动漫巡礼更新器 - INFO - 测试动漫 3: 青春ブタ野郎はサンタクロースの夢を見ない
2025-07-30 12:54:53,307 - 动漫巡礼更新器 - INFO - 测试动漫 4: よふかしのうた Season 2
2025-07-30 12:54:53,307 - 动漫巡礼更新器 - INFO - 测试动漫 5: 薫る花は凛と咲く
2025-07-30 13:12:30,805 - 动漫巡礼更新器 - INFO - 每日更新成功完成，但未找到新数据
2025-07-31 12:50:22,902 - 动漫巡礼更新器 - INFO - 开始运行每日动漫巡礼更新器
2025-07-31 12:50:22,902 - 动漫巡礼更新器 - INFO - 运行 extract_apiid.py 来刷新 apiid.json
2025-07-31 12:50:23,106 - 动漫巡礼更新器 - INFO - 成功刷新 apiid.json
2025-07-31 12:50:24,090 - 动漫巡礼更新器 - INFO - 在运行完整爬虫之前测试动漫列表检索
2025-07-31 12:52:48,967 - 动漫巡礼更新器 - INFO - 测试运行中成功检索到 72 部动漫
2025-07-31 12:52:48,967 - 动漫巡礼更新器 - INFO - 测试动漫 1: 光が死んだ夏
2025-07-31 12:52:48,967 - 动漫巡礼更新器 - INFO - 测试动漫 2: 真･侍伝 YAIBA
2025-07-31 12:52:48,967 - 动漫巡礼更新器 - INFO - 测试动漫 3: 青春ブタ野郎はサンタクロースの夢を見ない
2025-07-31 12:52:48,968 - 动漫巡礼更新器 - INFO - 测试动漫 4: よふかしのうた Season 2
2025-07-31 12:52:48,968 - 动漫巡礼更新器 - INFO - 测试动漫 5: 薫る花は凛と咲く
2025-07-31 13:10:32,989 - 动漫巡礼更新器 - INFO - 每日更新成功完成，但未找到新数据
